23:52:03 **** Build of configuration Debug for project stm32f4xx2_drivers ****
make -j16 all 
arm-none-eabi-gcc "../src/017rtc_lcd.c" -mcpu=cortex-m4 -std=gnu11 -g3 -DDEBUG -DSTM32 -DSTM32F407G_DISC1 -DSTM32F4 -DSTM32F407VGTx -c -I"E:/Embeded-C/Instructor/tt/stm32f4xx2_drivers/bsp" -I"E:/Embeded-C/Instructor/tt/stm32f4xx2_drivers/drivers/inc" -O0 -ffunction-sections -fdata-sections -Wall -fstack-usage -fcyclomatic-complexity -MMD -MP -MF"src/017rtc_lcd.d" -MT"src/017rtc_lcd.o" --specs=nano.specs -mfpu=fpv4-sp-d16 -mfloat-abi=hard -mthumb -o "src/017rtc_lcd.o"
arm-none-eabi-gcc "../drivers/src/stm32f407xx_gpio_driver.c" -mcpu=cortex-m4 -std=gnu11 -g3 -DDEBUG -DSTM32 -DSTM32F407G_DISC1 -DSTM32F4 -DSTM32F407VGTx -c -I"E:/Embeded-C/Instructor/tt/stm32f4xx2_drivers/bsp" -I"E:/Embeded-C/Instructor/tt/stm32f4xx2_drivers/drivers/inc" -O0 -ffunction-sections -fdata-sections -Wall -fstack-usage -fcyclomatic-complexity -MMD -MP -MF"drivers/src/stm32f407xx_gpio_driver.d" -MT"drivers/src/stm32f407xx_gpio_driver.o" --specs=nano.specs -mfpu=fpv4-sp-d16 -mfloat-abi=hard -mthumb -o "drivers/src/stm32f407xx_gpio_driver.o"
arm-none-eabi-gcc "../drivers/src/stm32f407xx_i2c_driver.c" -mcpu=cortex-m4 -std=gnu11 -g3 -DDEBUG -DSTM32 -DSTM32F407G_DISC1 -DSTM32F4 -DSTM32F407VGTx -c -I"E:/Embeded-C/Instructor/tt/stm32f4xx2_drivers/bsp" -I"E:/Embeded-C/Instructor/tt/stm32f4xx2_drivers/drivers/inc" -O0 -ffunction-sections -fdata-sections -Wall -fstack-usage -fcyclomatic-complexity -MMD -MP -MF"drivers/src/stm32f407xx_i2c_driver.d" -MT"drivers/src/stm32f407xx_i2c_driver.o" --specs=nano.specs -mfpu=fpv4-sp-d16 -mfloat-abi=hard -mthumb -o "drivers/src/stm32f407xx_i2c_driver.o"
arm-none-eabi-gcc "../drivers/src/stm32f407xx_rcc_driver.c" -mcpu=cortex-m4 -std=gnu11 -g3 -DDEBUG -DSTM32 -DSTM32F407G_DISC1 -DSTM32F4 -DSTM32F407VGTx -c -I"E:/Embeded-C/Instructor/tt/stm32f4xx2_drivers/bsp" -I"E:/Embeded-C/Instructor/tt/stm32f4xx2_drivers/drivers/inc" -O0 -ffunction-sections -fdata-sections -Wall -fstack-usage -fcyclomatic-complexity -MMD -MP -MF"drivers/src/stm32f407xx_rcc_driver.d" -MT"drivers/src/stm32f407xx_rcc_driver.o" --specs=nano.specs -mfpu=fpv4-sp-d16 -mfloat-abi=hard -mthumb -o "drivers/src/stm32f407xx_rcc_driver.o"
arm-none-eabi-gcc "../drivers/src/stm32f407xx_spi_driver.c" -mcpu=cortex-m4 -std=gnu11 -g3 -DDEBUG -DSTM32 -DSTM32F407G_DISC1 -DSTM32F4 -DSTM32F407VGTx -c -I"E:/Embeded-C/Instructor/tt/stm32f4xx2_drivers/bsp" -I"E:/Embeded-C/Instructor/tt/stm32f4xx2_drivers/drivers/inc" -O0 -ffunction-sections -fdata-sections -Wall -fstack-usage -fcyclomatic-complexity -MMD -MP -MF"drivers/src/stm32f407xx_spi_driver.d" -MT"drivers/src/stm32f407xx_spi_driver.o" --specs=nano.specs -mfpu=fpv4-sp-d16 -mfloat-abi=hard -mthumb -o "drivers/src/stm32f407xx_spi_driver.o"
arm-none-eabi-gcc "../drivers/src/stm32f407xx_usart_driver.c" -mcpu=cortex-m4 -std=gnu11 -g3 -DDEBUG -DSTM32 -DSTM32F407G_DISC1 -DSTM32F4 -DSTM32F407VGTx -c -I"E:/Embeded-C/Instructor/tt/stm32f4xx2_drivers/bsp" -I"E:/Embeded-C/Instructor/tt/stm32f4xx2_drivers/drivers/inc" -O0 -ffunction-sections -fdata-sections -Wall -fstack-usage -fcyclomatic-complexity -MMD -MP -MF"drivers/src/stm32f407xx_usart_driver.d" -MT"drivers/src/stm32f407xx_usart_driver.o" --specs=nano.specs -mfpu=fpv4-sp-d16 -mfloat-abi=hard -mthumb -o "drivers/src/stm32f407xx_usart_driver.o"
arm-none-eabi-gcc "../bsp/ds1307.c" -mcpu=cortex-m4 -std=gnu11 -g3 -DDEBUG -DSTM32 -DSTM32F407G_DISC1 -DSTM32F4 -DSTM32F407VGTx -c -I"E:/Embeded-C/Instructor/tt/stm32f4xx2_drivers/bsp" -I"E:/Embeded-C/Instructor/tt/stm32f4xx2_drivers/drivers/inc" -O0 -ffunction-sections -fdata-sections -Wall -fstack-usage -fcyclomatic-complexity -MMD -MP -MF"bsp/ds1307.d" -MT"bsp/ds1307.o" --specs=nano.specs -mfpu=fpv4-sp-d16 -mfloat-abi=hard -mthumb -o "bsp/ds1307.o"
arm-none-eabi-gcc -mcpu=cortex-m4 -g3 -DDEBUG -c -x assembler-with-cpp -MMD -MP -MF"autogen/startup_stm32f407vgtx.d" -MT"autogen/startup_stm32f407vgtx.o" --specs=nano.specs -mfpu=fpv4-sp-d16 -mfloat-abi=hard -mthumb -o "autogen/startup_stm32f407vgtx.o" "../autogen/startup_stm32f407vgtx.s"
../drivers/src/stm32f407xx_usart_driver.c: In function 'USART_IRQHandling':
../drivers/src/stm32f407xx_usart_driver.c:619:33: warning: variable 'temp3' set but not used [-Wunused-but-set-variable]
  619 |         uint32_t temp1 , temp2, temp3;
      |                                 ^~~~~
arm-none-eabi-gcc -o "stm32f4xx2_drivers.elf" @"objects.list"   -mcpu=cortex-m4 -T"E:\Embeded-C\Instructor\tt\stm32f4xx2_drivers\STM32F407VGTX_FLASH.ld" --specs=nosys.specs -Wl,-Map="stm32f4xx2_drivers.map" -Wl,--gc-sections -static -specs=rdimon.specs -lc -lrdimon --specs=nano.specs -mfpu=fpv4-sp-d16 -mfloat-abi=hard -mthumb -Wl,--start-group -lc -lm -Wl,--end-group
C:/ST/STM32CubeIDE_1.15.1/STM32CubeIDE/plugins/com.st.stm32cube.ide.mcu.externaltools.gnu-tools-for-stm32.12.3.rel1.win32_1.0.200.202406191623/tools/bin/../lib/gcc/arm-none-eabi/12.3.1/../../../../arm-none-eabi/bin/ld.exe: warning: stm32f4xx2_drivers.elf has a LOAD segment with RWX permissions
Finished building target: stm32f4xx2_drivers.elf
 
arm-none-eabi-size  stm32f4xx2_drivers.elf 
arm-none-eabi-objdump -h -S stm32f4xx2_drivers.elf  > "stm32f4xx2_drivers.list"
   text	   data	    bss	    dec	    hex	filename
  10508	    132	   2140	  12780	   31ec	stm32f4xx2_drivers.elf
Finished building: default.size.stdout
 
Finished building: stm32f4xx2_drivers.list
 
23:52:57 **** Incremental Build of configuration Debug for project stm32f4xx2_drivers ****
make -j16 all 
arm-none-eabi-size  stm32f4xx2_drivers.elf 
   text	   data	    bss	    dec	    hex	filename
  10508	    132	   2140	  12780	   31ec	stm32f4xx2_drivers.elf
Finished building: default.size.stdout
 
23:53:06 **** Incremental Build of configuration Debug for project stm32f4xx2_drivers ****
make -j16 all 
arm-none-eabi-size  stm32f4xx2_drivers.elf 
   text	   data	    bss	    dec	    hex	filename
  10508	    132	   2140	  12780	   31ec	stm32f4xx2_drivers.elf
Finished building: default.size.stdout
 
00:01:30 **** Incremental Build of configuration Debug for project stm32f4xx2_drivers ****
make -j16 all 
arm-none-eabi-size  stm32f4xx2_drivers.elf 
   text	   data	    bss	    dec	    hex	filename
  10508	    132	   2140	  12780	   31ec	stm32f4xx2_drivers.elf
Finished building: default.size.stdout
 
00:01:32 **** Incremental Build of configuration Debug for project stm32f4xx2_drivers ****
make -j16 all 
arm-none-eabi-size  stm32f4xx2_drivers.elf 
   text	   data	    bss	    dec	    hex	filename
  10508	    132	   2140	  12780	   31ec	stm32f4xx2_drivers.elf
Finished building: default.size.stdout
 
00:03:00 **** Incremental Build of configuration Debug for project stm32f4xx2_drivers ****
make -j16 all 
arm-none-eabi-gcc "../drivers/src/stm32f407xx_gpio_driver.c" -mcpu=cortex-m4 -std=gnu11 -g3 -DDEBUG -DSTM32 -DSTM32F407G_DISC1 -DSTM32F4 -DSTM32F407VGTx -c -I"E:/Embeded-C/Instructor/tt/stm32f4xx2_drivers/bsp" -I"E:/Embeded-C/Instructor/tt/stm32f4xx2_drivers/drivers/inc" -O0 -ffunction-sections -fdata-sections -Wall -fstack-usage -fcyclomatic-complexity -MMD -MP -MF"drivers/src/stm32f407xx_gpio_driver.d" -MT"drivers/src/stm32f407xx_gpio_driver.o" --specs=nano.specs -mfpu=fpv4-sp-d16 -mfloat-abi=hard -mthumb -o "drivers/src/stm32f407xx_gpio_driver.o"
arm-none-eabi-gcc -o "stm32f4xx2_drivers.elf" @"objects.list"   -mcpu=cortex-m4 -T"E:\Embeded-C\Instructor\tt\stm32f4xx2_drivers\STM32F407VGTX_FLASH.ld" --specs=nosys.specs -Wl,-Map="stm32f4xx2_drivers.map" -Wl,--gc-sections -static -specs=rdimon.specs -lc -lrdimon --specs=nano.specs -mfpu=fpv4-sp-d16 -mfloat-abi=hard -mthumb -Wl,--start-group -lc -lm -Wl,--end-group
C:/ST/STM32CubeIDE_1.15.1/STM32CubeIDE/plugins/com.st.stm32cube.ide.mcu.externaltools.gnu-tools-for-stm32.12.3.rel1.win32_1.0.200.202406191623/tools/bin/../lib/gcc/arm-none-eabi/12.3.1/../../../../arm-none-eabi/bin/ld.exe: warning: stm32f4xx2_drivers.elf has a LOAD segment with RWX permissions
Finished building target: stm32f4xx2_drivers.elf
 
arm-none-eabi-size  stm32f4xx2_drivers.elf 
arm-none-eabi-objdump -h -S stm32f4xx2_drivers.elf  > "stm32f4xx2_drivers.list"
   text	   data	    bss	    dec	    hex	filename
  10508	    132	   2140	  12780	   31ec	stm32f4xx2_drivers.elf
Finished building: default.size.stdout
 
Finished building: stm32f4xx2_drivers.list
 
00:04:57 **** Incremental Build of configuration Debug for project stm32f4xx2_drivers ****
make -j16 all 
arm-none-eabi-gcc "../drivers/src/stm32f407xx_i2c_driver.c" -mcpu=cortex-m4 -std=gnu11 -g3 -DDEBUG -DSTM32 -DSTM32F407G_DISC1 -DSTM32F4 -DSTM32F407VGTx -c -I"E:/Embeded-C/Instructor/tt/stm32f4xx2_drivers/bsp" -I"E:/Embeded-C/Instructor/tt/stm32f4xx2_drivers/drivers/inc" -O0 -ffunction-sections -fdata-sections -Wall -fstack-usage -fcyclomatic-complexity -MMD -MP -MF"drivers/src/stm32f407xx_i2c_driver.d" -MT"drivers/src/stm32f407xx_i2c_driver.o" --specs=nano.specs -mfpu=fpv4-sp-d16 -mfloat-abi=hard -mthumb -o "drivers/src/stm32f407xx_i2c_driver.o"
arm-none-eabi-gcc -o "stm32f4xx2_drivers.elf" @"objects.list"   -mcpu=cortex-m4 -T"E:\Embeded-C\Instructor\tt\stm32f4xx2_drivers\STM32F407VGTX_FLASH.ld" --specs=nosys.specs -Wl,-Map="stm32f4xx2_drivers.map" -Wl,--gc-sections -static -specs=rdimon.specs -lc -lrdimon --specs=nano.specs -mfpu=fpv4-sp-d16 -mfloat-abi=hard -mthumb -Wl,--start-group -lc -lm -Wl,--end-group
C:/ST/STM32CubeIDE_1.15.1/STM32CubeIDE/plugins/com.st.stm32cube.ide.mcu.externaltools.gnu-tools-for-stm32.12.3.rel1.win32_1.0.200.202406191623/tools/bin/../lib/gcc/arm-none-eabi/12.3.1/../../../../arm-none-eabi/bin/ld.exe: warning: stm32f4xx2_drivers.elf has a LOAD segment with RWX permissions
Finished building target: stm32f4xx2_drivers.elf
 
arm-none-eabi-size  stm32f4xx2_drivers.elf 
arm-none-eabi-objdump -h -S stm32f4xx2_drivers.elf  > "stm32f4xx2_drivers.list"
   text	   data	    bss	    dec	    hex	filename
  10508	    132	   2140	  12780	   31ec	stm32f4xx2_drivers.elf
Finished building: default.size.stdout
 
Finished building: stm32f4xx2_drivers.list
 
00:05:31 **** Incremental Build of configuration Debug for project stm32f4xx2_drivers ****
make -j16 all 
arm-none-eabi-gcc "../drivers/src/stm32f407xx_rcc_driver.c" -mcpu=cortex-m4 -std=gnu11 -g3 -DDEBUG -DSTM32 -DSTM32F407G_DISC1 -DSTM32F4 -DSTM32F407VGTx -c -I"E:/Embeded-C/Instructor/tt/stm32f4xx2_drivers/bsp" -I"E:/Embeded-C/Instructor/tt/stm32f4xx2_drivers/drivers/inc" -O0 -ffunction-sections -fdata-sections -Wall -fstack-usage -fcyclomatic-complexity -MMD -MP -MF"drivers/src/stm32f407xx_rcc_driver.d" -MT"drivers/src/stm32f407xx_rcc_driver.o" --specs=nano.specs -mfpu=fpv4-sp-d16 -mfloat-abi=hard -mthumb -o "drivers/src/stm32f407xx_rcc_driver.o"
arm-none-eabi-gcc -o "stm32f4xx2_drivers.elf" @"objects.list"   -mcpu=cortex-m4 -T"E:\Embeded-C\Instructor\tt\stm32f4xx2_drivers\STM32F407VGTX_FLASH.ld" --specs=nosys.specs -Wl,-Map="stm32f4xx2_drivers.map" -Wl,--gc-sections -static -specs=rdimon.specs -lc -lrdimon --specs=nano.specs -mfpu=fpv4-sp-d16 -mfloat-abi=hard -mthumb -Wl,--start-group -lc -lm -Wl,--end-group
C:/ST/STM32CubeIDE_1.15.1/STM32CubeIDE/plugins/com.st.stm32cube.ide.mcu.externaltools.gnu-tools-for-stm32.12.3.rel1.win32_1.0.200.202406191623/tools/bin/../lib/gcc/arm-none-eabi/12.3.1/../../../../arm-none-eabi/bin/ld.exe: warning: stm32f4xx2_drivers.elf has a LOAD segment with RWX permissions
Finished building target: stm32f4xx2_drivers.elf
 
arm-none-eabi-size  stm32f4xx2_drivers.elf 
arm-none-eabi-objdump -h -S stm32f4xx2_drivers.elf  > "stm32f4xx2_drivers.list"
   text	   data	    bss	    dec	    hex	filename
  10484	    132	   2140	  12756	   31d4	stm32f4xx2_drivers.elf
Finished building: default.size.stdout
 
Finished building: stm32f4xx2_drivers.list
 
00:06:55 **** Incremental Build of configuration Debug for project stm32f4xx2_drivers ****
make -j16 all 
arm-none-eabi-gcc "../drivers/src/stm32f407xx_spi_driver.c" -mcpu=cortex-m4 -std=gnu11 -g3 -DDEBUG -DSTM32 -DSTM32F407G_DISC1 -DSTM32F4 -DSTM32F407VGTx -c -I"E:/Embeded-C/Instructor/tt/stm32f4xx2_drivers/bsp" -I"E:/Embeded-C/Instructor/tt/stm32f4xx2_drivers/drivers/inc" -O0 -ffunction-sections -fdata-sections -Wall -fstack-usage -fcyclomatic-complexity -MMD -MP -MF"drivers/src/stm32f407xx_spi_driver.d" -MT"drivers/src/stm32f407xx_spi_driver.o" --specs=nano.specs -mfpu=fpv4-sp-d16 -mfloat-abi=hard -mthumb -o "drivers/src/stm32f407xx_spi_driver.o"
arm-none-eabi-gcc -o "stm32f4xx2_drivers.elf" @"objects.list"   -mcpu=cortex-m4 -T"E:\Embeded-C\Instructor\tt\stm32f4xx2_drivers\STM32F407VGTX_FLASH.ld" --specs=nosys.specs -Wl,-Map="stm32f4xx2_drivers.map" -Wl,--gc-sections -static -specs=rdimon.specs -lc -lrdimon --specs=nano.specs -mfpu=fpv4-sp-d16 -mfloat-abi=hard -mthumb -Wl,--start-group -lc -lm -Wl,--end-group
C:/ST/STM32CubeIDE_1.15.1/STM32CubeIDE/plugins/com.st.stm32cube.ide.mcu.externaltools.gnu-tools-for-stm32.12.3.rel1.win32_1.0.200.202406191623/tools/bin/../lib/gcc/arm-none-eabi/12.3.1/../../../../arm-none-eabi/bin/ld.exe: warning: stm32f4xx2_drivers.elf has a LOAD segment with RWX permissions
Finished building target: stm32f4xx2_drivers.elf
 
arm-none-eabi-size  stm32f4xx2_drivers.elf 
arm-none-eabi-objdump -h -S stm32f4xx2_drivers.elf  > "stm32f4xx2_drivers.list"
   text	   data	    bss	    dec	    hex	filename
  10484	    132	   2140	  12756	   31d4	stm32f4xx2_drivers.elf
Finished building: default.size.stdout
 
Finished building: stm32f4xx2_drivers.list
 
00:08:34 **** Incremental Build of configuration Debug for project stm32f4xx2_drivers ****
make -j16 all 
arm-none-eabi-gcc "../drivers/src/stm32f407xx_usart_driver.c" -mcpu=cortex-m4 -std=gnu11 -g3 -DDEBUG -DSTM32 -DSTM32F407G_DISC1 -DSTM32F4 -DSTM32F407VGTx -c -I"E:/Embeded-C/Instructor/tt/stm32f4xx2_drivers/bsp" -I"E:/Embeded-C/Instructor/tt/stm32f4xx2_drivers/drivers/inc" -O0 -ffunction-sections -fdata-sections -Wall -fstack-usage -fcyclomatic-complexity -MMD -MP -MF"drivers/src/stm32f407xx_usart_driver.d" -MT"drivers/src/stm32f407xx_usart_driver.o" --specs=nano.specs -mfpu=fpv4-sp-d16 -mfloat-abi=hard -mthumb -o "drivers/src/stm32f407xx_usart_driver.o"
../drivers/src/stm32f407xx_usart_driver.c: In function 'USART_IRQHandling':
../drivers/src/stm32f407xx_usart_driver.c:444:33: warning: variable 'temp3' set but not used [-Wunused-but-set-variable]
  444 |         uint32_t temp1 , temp2, temp3;
      |                                 ^~~~~
arm-none-eabi-gcc -o "stm32f4xx2_drivers.elf" @"objects.list"   -mcpu=cortex-m4 -T"E:\Embeded-C\Instructor\tt\stm32f4xx2_drivers\STM32F407VGTX_FLASH.ld" --specs=nosys.specs -Wl,-Map="stm32f4xx2_drivers.map" -Wl,--gc-sections -static -specs=rdimon.specs -lc -lrdimon --specs=nano.specs -mfpu=fpv4-sp-d16 -mfloat-abi=hard -mthumb -Wl,--start-group -lc -lm -Wl,--end-group
C:/ST/STM32CubeIDE_1.15.1/STM32CubeIDE/plugins/com.st.stm32cube.ide.mcu.externaltools.gnu-tools-for-stm32.12.3.rel1.win32_1.0.200.202406191623/tools/bin/../lib/gcc/arm-none-eabi/12.3.1/../../../../arm-none-eabi/bin/ld.exe: warning: stm32f4xx2_drivers.elf has a LOAD segment with RWX permissions
Finished building target: stm32f4xx2_drivers.elf
 
arm-none-eabi-size  stm32f4xx2_drivers.elf 
arm-none-eabi-objdump -h -S stm32f4xx2_drivers.elf  > "stm32f4xx2_drivers.list"
   text	   data	    bss	    dec	    hex	filename
  10484	    132	   2140	  12756	   31d4	stm32f4xx2_drivers.elf
Finished building: default.size.stdout
 
Finished building: stm32f4xx2_drivers.list
 
00:08:54 **** Incremental Build of configuration Debug for project stm32f4xx2_drivers ****
make -j16 all 
arm-none-eabi-size  stm32f4xx2_drivers.elf 
   text	   data	    bss	    dec	    hex	filename
  10484	    132	   2140	  12756	   31d4	stm32f4xx2_drivers.elf
Finished building: default.size.stdout
 
00:28:54 **** Incremental Build of configuration Debug for project stm32f4xx2_drivers ****
make -j16 all 
arm-none-eabi-gcc "../src/017rtc_lcd.c" -mcpu=cortex-m4 -std=gnu11 -g3 -DDEBUG -DSTM32 -DSTM32F407G_DISC1 -DSTM32F4 -DSTM32F407VGTx -c -I"E:/Embeded-C/Instructor/tt/stm32f4xx2_drivers/bsp" -I"E:/Embeded-C/Instructor/tt/stm32f4xx2_drivers/drivers/inc" -O0 -ffunction-sections -fdata-sections -Wall -fstack-usage -fcyclomatic-complexity -MMD -MP -MF"src/017rtc_lcd.d" -MT"src/017rtc_lcd.o" --specs=nano.specs -mfpu=fpv4-sp-d16 -mfloat-abi=hard -mthumb -o "src/017rtc_lcd.o"
../src/017rtc_lcd.c: In function 'init_systick_timer':
../src/017rtc_lcd.c:15:29: error: 'SYSTICK_TIM_CLK' undeclared (first use in this function)
   15 |     uint32_t count_value = (SYSTICK_TIM_CLK/tick_hz)-1;
      |                             ^~~~~~~~~~~~~~~
../src/017rtc_lcd.c:15:29: note: each undeclared identifier is reported only once for each function it appears in
make: *** [src/subdir.mk:19: src/017rtc_lcd.o] Error 1
"make -j16 all" terminated with exit code 2. Build might be incomplete.
00:32:28 **** Incremental Build of configuration Debug for project stm32f4xx2_drivers ****
make -j16 all 
arm-none-eabi-gcc "../src/017rtc_lcd.c" -mcpu=cortex-m4 -std=gnu11 -g3 -DDEBUG -DSTM32 -DSTM32F407G_DISC1 -DSTM32F4 -DSTM32F407VGTx -c -I"E:/Embeded-C/Instructor/tt/stm32f4xx2_drivers/bsp" -I"E:/Embeded-C/Instructor/tt/stm32f4xx2_drivers/drivers/inc" -O0 -ffunction-sections -fdata-sections -Wall -fstack-usage -fcyclomatic-complexity -MMD -MP -MF"src/017rtc_lcd.d" -MT"src/017rtc_lcd.o" --specs=nano.specs -mfpu=fpv4-sp-d16 -mfloat-abi=hard -mthumb -o "src/017rtc_lcd.o"
arm-none-eabi-gcc -o "stm32f4xx2_drivers.elf" @"objects.list"   -mcpu=cortex-m4 -T"E:\Embeded-C\Instructor\tt\stm32f4xx2_drivers\STM32F407VGTX_FLASH.ld" --specs=nosys.specs -Wl,-Map="stm32f4xx2_drivers.map" -Wl,--gc-sections -static -specs=rdimon.specs -lc -lrdimon --specs=nano.specs -mfpu=fpv4-sp-d16 -mfloat-abi=hard -mthumb -Wl,--start-group -lc -lm -Wl,--end-group
C:/ST/STM32CubeIDE_1.15.1/STM32CubeIDE/plugins/com.st.stm32cube.ide.mcu.externaltools.gnu-tools-for-stm32.12.3.rel1.win32_1.0.200.202406191623/tools/bin/../lib/gcc/arm-none-eabi/12.3.1/../../../../arm-none-eabi/bin/ld.exe: warning: stm32f4xx2_drivers.elf has a LOAD segment with RWX permissions
Finished building target: stm32f4xx2_drivers.elf
 
arm-none-eabi-size  stm32f4xx2_drivers.elf 
arm-none-eabi-objdump -h -S stm32f4xx2_drivers.elf  > "stm32f4xx2_drivers.list"
   text	   data	    bss	    dec	    hex	filename
  10484	    132	   2140	  12756	   31d4	stm32f4xx2_drivers.elf
Finished building: default.size.stdout
 
Finished building: stm32f4xx2_drivers.list
 
00:32:36 **** Incremental Build of configuration Debug for project stm32f4xx2_drivers ****
make -j16 all 
arm-none-eabi-gcc "../src/017rtc_lcd.c" -mcpu=cortex-m4 -std=gnu11 -g3 -DDEBUG -DSTM32 -DSTM32F407G_DISC1 -DSTM32F4 -DSTM32F407VGTx -c -I"E:/Embeded-C/Instructor/tt/stm32f4xx2_drivers/bsp" -I"E:/Embeded-C/Instructor/tt/stm32f4xx2_drivers/drivers/inc" -O0 -ffunction-sections -fdata-sections -Wall -fstack-usage -fcyclomatic-complexity -MMD -MP -MF"src/017rtc_lcd.d" -MT"src/017rtc_lcd.o" --specs=nano.specs -mfpu=fpv4-sp-d16 -mfloat-abi=hard -mthumb -o "src/017rtc_lcd.o"
arm-none-eabi-gcc -o "stm32f4xx2_drivers.elf" @"objects.list"   -mcpu=cortex-m4 -T"E:\Embeded-C\Instructor\tt\stm32f4xx2_drivers\STM32F407VGTX_FLASH.ld" --specs=nosys.specs -Wl,-Map="stm32f4xx2_drivers.map" -Wl,--gc-sections -static -specs=rdimon.specs -lc -lrdimon --specs=nano.specs -mfpu=fpv4-sp-d16 -mfloat-abi=hard -mthumb -Wl,--start-group -lc -lm -Wl,--end-group
C:/ST/STM32CubeIDE_1.15.1/STM32CubeIDE/plugins/com.st.stm32cube.ide.mcu.externaltools.gnu-tools-for-stm32.12.3.rel1.win32_1.0.200.202406191623/tools/bin/../lib/gcc/arm-none-eabi/12.3.1/../../../../arm-none-eabi/bin/ld.exe: warning: stm32f4xx2_drivers.elf has a LOAD segment with RWX permissions
Finished building target: stm32f4xx2_drivers.elf
 
arm-none-eabi-size  stm32f4xx2_drivers.elf 
arm-none-eabi-objdump -h -S stm32f4xx2_drivers.elf  > "stm32f4xx2_drivers.list"
   text	   data	    bss	    dec	    hex	filename
  10484	    132	   2140	  12756	   31d4	stm32f4xx2_drivers.elf
Finished building: default.size.stdout
 
Finished building: stm32f4xx2_drivers.list
 
00:39:19 **** Incremental Build of configuration Debug for project stm32f4xx2_drivers ****
make -j16 all 
arm-none-eabi-gcc "../src/017rtc_lcd.c" -mcpu=cortex-m4 -std=gnu11 -g3 -DDEBUG -DSTM32 -DSTM32F407G_DISC1 -DSTM32F4 -DSTM32F407VGTx -c -I"E:/Embeded-C/Instructor/tt/stm32f4xx2_drivers/bsp" -I"E:/Embeded-C/Instructor/tt/stm32f4xx2_drivers/drivers/inc" -O0 -ffunction-sections -fdata-sections -Wall -fstack-usage -fcyclomatic-complexity -MMD -MP -MF"src/017rtc_lcd.d" -MT"src/017rtc_lcd.o" --specs=nano.specs -mfpu=fpv4-sp-d16 -mfloat-abi=hard -mthumb -o "src/017rtc_lcd.o"
../src/017rtc_lcd.c: In function 'SysTick_Handler':
../src/017rtc_lcd.c:159:34: error: 'current_time' undeclared (first use in this function)
  159 |         ds1307_get_current_time(&current_time);
      |                                  ^~~~~~~~~~~~
../src/017rtc_lcd.c:159:34: note: each undeclared identifier is reported only once for each function it appears in
../src/017rtc_lcd.c:174:34: error: 'current_date' undeclared (first use in this function)
  174 |         ds1307_get_current_date(&current_date);
      |                                  ^~~~~~~~~~~~
make: *** [src/subdir.mk:19: src/017rtc_lcd.o] Error 1
"make -j16 all" terminated with exit code 2. Build might be incomplete.
00:39:47 **** Incremental Build of configuration Debug for project stm32f4xx2_drivers ****
make -j16 all 
arm-none-eabi-gcc "../src/017rtc_lcd.c" -mcpu=cortex-m4 -std=gnu11 -g3 -DDEBUG -DSTM32 -DSTM32F407G_DISC1 -DSTM32F4 -DSTM32F407VGTx -c -I"E:/Embeded-C/Instructor/tt/stm32f4xx2_drivers/bsp" -I"E:/Embeded-C/Instructor/tt/stm32f4xx2_drivers/drivers/inc" -O0 -ffunction-sections -fdata-sections -Wall -fstack-usage -fcyclomatic-complexity -MMD -MP -MF"src/017rtc_lcd.d" -MT"src/017rtc_lcd.o" --specs=nano.specs -mfpu=fpv4-sp-d16 -mfloat-abi=hard -mthumb -o "src/017rtc_lcd.o"
arm-none-eabi-gcc -o "stm32f4xx2_drivers.elf" @"objects.list"   -mcpu=cortex-m4 -T"E:\Embeded-C\Instructor\tt\stm32f4xx2_drivers\STM32F407VGTX_FLASH.ld" --specs=nosys.specs -Wl,-Map="stm32f4xx2_drivers.map" -Wl,--gc-sections -static -specs=rdimon.specs -lc -lrdimon --specs=nano.specs -mfpu=fpv4-sp-d16 -mfloat-abi=hard -mthumb -Wl,--start-group -lc -lm -Wl,--end-group
C:/ST/STM32CubeIDE_1.15.1/STM32CubeIDE/plugins/com.st.stm32cube.ide.mcu.externaltools.gnu-tools-for-stm32.12.3.rel1.win32_1.0.200.202406191623/tools/bin/../lib/gcc/arm-none-eabi/12.3.1/../../../../arm-none-eabi/bin/ld.exe: warning: stm32f4xx2_drivers.elf has a LOAD segment with RWX permissions
Finished building target: stm32f4xx2_drivers.elf
 
arm-none-eabi-size  stm32f4xx2_drivers.elf 
arm-none-eabi-objdump -h -S stm32f4xx2_drivers.elf  > "stm32f4xx2_drivers.list"
   text	   data	    bss	    dec	    hex	filename
  10744	    132	   2140	  13016	   32d8	stm32f4xx2_drivers.elf
Finished building: default.size.stdout
 
Finished building: stm32f4xx2_drivers.list
 
00:40:02 **** Incremental Build of configuration Debug for project stm32f4xx2_drivers ****
make -j16 all 
arm-none-eabi-size  stm32f4xx2_drivers.elf 
   text	   data	    bss	    dec	    hex	filename
  10744	    132	   2140	  13016	   32d8	stm32f4xx2_drivers.elf
Finished building: default.size.stdout
 
00:40:04 **** Incremental Build of configuration Debug for project stm32f4xx2_drivers ****
make -j16 all 
arm-none-eabi-size  stm32f4xx2_drivers.elf 
   text	   data	    bss	    dec	    hex	filename
  10744	    132	   2140	  13016	   32d8	stm32f4xx2_drivers.elf
Finished building: default.size.stdout
 
00:43:00 **** Incremental Build of configuration Debug for project stm32f4xx2_drivers ****
make -j16 all 
arm-none-eabi-gcc "../src/017rtc_lcd.c" -mcpu=cortex-m4 -std=gnu11 -g3 -DDEBUG -DSTM32 -DSTM32F407G_DISC1 -DSTM32F4 -DSTM32F407VGTx -c -I"E:/Embeded-C/Instructor/tt/stm32f4xx2_drivers/bsp" -I"E:/Embeded-C/Instructor/tt/stm32f4xx2_drivers/drivers/inc" -O0 -ffunction-sections -fdata-sections -Wall -fstack-usage -fcyclomatic-complexity -MMD -MP -MF"src/017rtc_lcd.d" -MT"src/017rtc_lcd.o" --specs=nano.specs -mfpu=fpv4-sp-d16 -mfloat-abi=hard -mthumb -o "src/017rtc_lcd.o"
arm-none-eabi-gcc -o "stm32f4xx2_drivers.elf" @"objects.list"   -mcpu=cortex-m4 -T"E:\Embeded-C\Instructor\tt\stm32f4xx2_drivers\STM32F407VGTX_FLASH.ld" --specs=nosys.specs -Wl,-Map="stm32f4xx2_drivers.map" -Wl,--gc-sections -static -specs=rdimon.specs -lc -lrdimon --specs=nano.specs -mfpu=fpv4-sp-d16 -mfloat-abi=hard -mthumb -Wl,--start-group -lc -lm -Wl,--end-group
C:/ST/STM32CubeIDE_1.15.1/STM32CubeIDE/plugins/com.st.stm32cube.ide.mcu.externaltools.gnu-tools-for-stm32.12.3.rel1.win32_1.0.200.202406191623/tools/bin/../lib/gcc/arm-none-eabi/12.3.1/../../../../arm-none-eabi/bin/ld.exe: warning: stm32f4xx2_drivers.elf has a LOAD segment with RWX permissions
Finished building target: stm32f4xx2_drivers.elf
 
arm-none-eabi-size  stm32f4xx2_drivers.elf 
arm-none-eabi-objdump -h -S stm32f4xx2_drivers.elf  > "stm32f4xx2_drivers.list"
   text	   data	    bss	    dec	    hex	filename
  10744	    132	   2140	  13016	   32d8	stm32f4xx2_drivers.elf
Finished building: default.size.stdout
 
Finished building: stm32f4xx2_drivers.list
 
00:43:09 **** Incremental Build of configuration Debug for project stm32f4xx2_drivers ****
make -j16 all 
arm-none-eabi-size  stm32f4xx2_drivers.elf 
   text	   data	    bss	    dec	    hex	filename
  10744	    132	   2140	  13016	   32d8	stm32f4xx2_drivers.elf
Finished building: default.size.stdout
 
01:12:10 **** Clean-only build of configuration Debug for project stm32f4xx2_drivers ****
make -j16 clean 
rm -rf ./src/017rtc_lcd.cyclo ./src/017rtc_lcd.d ./src/017rtc_lcd.o ./src/017rtc_lcd.su
rm -rf ./drivers/src/stm32f407xx_gpio_driver.cyclo ./drivers/src/stm32f407xx_gpio_driver.d ./drivers/src/stm32f407xx_gpio_driver.o ./drivers/src/stm32f407xx_gpio_driver.su ./drivers/src/stm32f407xx_i2c_driver.cyclo ./drivers/src/stm32f407xx_i2c_driver.d ./drivers/src/stm32f407xx_i2c_driver.o ./drivers/src/stm32f407xx_i2c_driver.su ./drivers/src/stm32f407xx_rcc_driver.cyclo ./drivers/src/stm32f407xx_rcc_driver.d ./drivers/src/stm32f407xx_rcc_driver.o ./drivers/src/stm32f407xx_rcc_driver.su ./drivers/src/stm32f407xx_spi_driver.cyclo ./drivers/src/stm32f407xx_spi_driver.d ./drivers/src/stm32f407xx_spi_driver.o ./drivers/src/stm32f407xx_spi_driver.su ./drivers/src/stm32f407xx_usart_driver.cyclo ./drivers/src/stm32f407xx_usart_driver.d ./drivers/src/stm32f407xx_usart_driver.o ./drivers/src/stm32f407xx_usart_driver.su
rm -rf ./bsp/ds1307.cyclo ./bsp/ds1307.d ./bsp/ds1307.o ./bsp/ds1307.su
rm -rf ./autogen/startup_stm32f407vgtx.d ./autogen/startup_stm32f407vgtx.o
rm -rf default.size.stdout stm32f4xx2_drivers.elf stm32f4xx2_drivers.list stm32f4xx2_drivers.map
 
01:12:10 **** Incremental Build of configuration Debug for project stm32f4xx2_drivers ****
make -j16 all 
arm-none-eabi-gcc "../src/017rtc_lcd.c" -mcpu=cortex-m4 -std=gnu11 -g3 -DDEBUG -DSTM32 -DSTM32F407G_DISC1 -DSTM32F4 -DSTM32F407VGTx -c -I"E:/Embeded-C/Instructor/tt/stm32f4xx2_drivers/bsp" -I"E:/Embeded-C/Instructor/tt/stm32f4xx2_drivers/drivers/inc" -O0 -ffunction-sections -fdata-sections -Wall -fstack-usage -fcyclomatic-complexity -MMD -MP -MF"src/017rtc_lcd.d" -MT"src/017rtc_lcd.o" --specs=nano.specs -mfpu=fpv4-sp-d16 -mfloat-abi=hard -mthumb -o "src/017rtc_lcd.o"
arm-none-eabi-gcc "../drivers/src/stm32f407xx_gpio_driver.c" -mcpu=cortex-m4 -std=gnu11 -g3 -DDEBUG -DSTM32 -DSTM32F407G_DISC1 -DSTM32F4 -DSTM32F407VGTx -c -I"E:/Embeded-C/Instructor/tt/stm32f4xx2_drivers/bsp" -I"E:/Embeded-C/Instructor/tt/stm32f4xx2_drivers/drivers/inc" -O0 -ffunction-sections -fdata-sections -Wall -fstack-usage -fcyclomatic-complexity -MMD -MP -MF"drivers/src/stm32f407xx_gpio_driver.d" -MT"drivers/src/stm32f407xx_gpio_driver.o" --specs=nano.specs -mfpu=fpv4-sp-d16 -mfloat-abi=hard -mthumb -o "drivers/src/stm32f407xx_gpio_driver.o"
arm-none-eabi-gcc "../drivers/src/stm32f407xx_i2c_driver.c" -mcpu=cortex-m4 -std=gnu11 -g3 -DDEBUG -DSTM32 -DSTM32F407G_DISC1 -DSTM32F4 -DSTM32F407VGTx -c -I"E:/Embeded-C/Instructor/tt/stm32f4xx2_drivers/bsp" -I"E:/Embeded-C/Instructor/tt/stm32f4xx2_drivers/drivers/inc" -O0 -ffunction-sections -fdata-sections -Wall -fstack-usage -fcyclomatic-complexity -MMD -MP -MF"drivers/src/stm32f407xx_i2c_driver.d" -MT"drivers/src/stm32f407xx_i2c_driver.o" --specs=nano.specs -mfpu=fpv4-sp-d16 -mfloat-abi=hard -mthumb -o "drivers/src/stm32f407xx_i2c_driver.o"
arm-none-eabi-gcc "../drivers/src/stm32f407xx_rcc_driver.c" -mcpu=cortex-m4 -std=gnu11 -g3 -DDEBUG -DSTM32 -DSTM32F407G_DISC1 -DSTM32F4 -DSTM32F407VGTx -c -I"E:/Embeded-C/Instructor/tt/stm32f4xx2_drivers/bsp" -I"E:/Embeded-C/Instructor/tt/stm32f4xx2_drivers/drivers/inc" -O0 -ffunction-sections -fdata-sections -Wall -fstack-usage -fcyclomatic-complexity -MMD -MP -MF"drivers/src/stm32f407xx_rcc_driver.d" -MT"drivers/src/stm32f407xx_rcc_driver.o" --specs=nano.specs -mfpu=fpv4-sp-d16 -mfloat-abi=hard -mthumb -o "drivers/src/stm32f407xx_rcc_driver.o"
arm-none-eabi-gcc "../drivers/src/stm32f407xx_spi_driver.c" -mcpu=cortex-m4 -std=gnu11 -g3 -DDEBUG -DSTM32 -DSTM32F407G_DISC1 -DSTM32F4 -DSTM32F407VGTx -c -I"E:/Embeded-C/Instructor/tt/stm32f4xx2_drivers/bsp" -I"E:/Embeded-C/Instructor/tt/stm32f4xx2_drivers/drivers/inc" -O0 -ffunction-sections -fdata-sections -Wall -fstack-usage -fcyclomatic-complexity -MMD -MP -MF"drivers/src/stm32f407xx_spi_driver.d" -MT"drivers/src/stm32f407xx_spi_driver.o" --specs=nano.specs -mfpu=fpv4-sp-d16 -mfloat-abi=hard -mthumb -o "drivers/src/stm32f407xx_spi_driver.o"
arm-none-eabi-gcc "../drivers/src/stm32f407xx_usart_driver.c" -mcpu=cortex-m4 -std=gnu11 -g3 -DDEBUG -DSTM32 -DSTM32F407G_DISC1 -DSTM32F4 -DSTM32F407VGTx -c -I"E:/Embeded-C/Instructor/tt/stm32f4xx2_drivers/bsp" -I"E:/Embeded-C/Instructor/tt/stm32f4xx2_drivers/drivers/inc" -O0 -ffunction-sections -fdata-sections -Wall -fstack-usage -fcyclomatic-complexity -MMD -MP -MF"drivers/src/stm32f407xx_usart_driver.d" -MT"drivers/src/stm32f407xx_usart_driver.o" --specs=nano.specs -mfpu=fpv4-sp-d16 -mfloat-abi=hard -mthumb -o "drivers/src/stm32f407xx_usart_driver.o"
arm-none-eabi-gcc "../bsp/ds1307.c" -mcpu=cortex-m4 -std=gnu11 -g3 -DDEBUG -DSTM32 -DSTM32F407G_DISC1 -DSTM32F4 -DSTM32F407VGTx -c -I"E:/Embeded-C/Instructor/tt/stm32f4xx2_drivers/bsp" -I"E:/Embeded-C/Instructor/tt/stm32f4xx2_drivers/drivers/inc" -O0 -ffunction-sections -fdata-sections -Wall -fstack-usage -fcyclomatic-complexity -MMD -MP -MF"bsp/ds1307.d" -MT"bsp/ds1307.o" --specs=nano.specs -mfpu=fpv4-sp-d16 -mfloat-abi=hard -mthumb -o "bsp/ds1307.o"
arm-none-eabi-gcc "../bsp/lcd.c" -mcpu=cortex-m4 -std=gnu11 -g3 -DDEBUG -DSTM32 -DSTM32F407G_DISC1 -DSTM32F4 -DSTM32F407VGTx -c -I"E:/Embeded-C/Instructor/tt/stm32f4xx2_drivers/bsp" -I"E:/Embeded-C/Instructor/tt/stm32f4xx2_drivers/drivers/inc" -O0 -ffunction-sections -fdata-sections -Wall -fstack-usage -fcyclomatic-complexity -MMD -MP -MF"bsp/lcd.d" -MT"bsp/lcd.o" --specs=nano.specs -mfpu=fpv4-sp-d16 -mfloat-abi=hard -mthumb -o "bsp/lcd.o"
arm-none-eabi-gcc -mcpu=cortex-m4 -g3 -DDEBUG -c -x assembler-with-cpp -MMD -MP -MF"autogen/startup_stm32f407vgtx.d" -MT"autogen/startup_stm32f407vgtx.o" --specs=nano.specs -mfpu=fpv4-sp-d16 -mfloat-abi=hard -mthumb -o "autogen/startup_stm32f407vgtx.o" "../autogen/startup_stm32f407vgtx.s"
../drivers/src/stm32f407xx_usart_driver.c: In function 'USART_IRQHandling':
../drivers/src/stm32f407xx_usart_driver.c:444:33: warning: variable 'temp3' set but not used [-Wunused-but-set-variable]
  444 |         uint32_t temp1 , temp2, temp3;
      |                                 ^~~~~
arm-none-eabi-gcc -o "stm32f4xx2_drivers.elf" @"objects.list"   -mcpu=cortex-m4 -T"E:\Embeded-C\Instructor\tt\stm32f4xx2_drivers\STM32F407VGTX_FLASH.ld" --specs=nosys.specs -Wl,-Map="stm32f4xx2_drivers.map" -Wl,--gc-sections -static -specs=rdimon.specs -lc -lrdimon --specs=nano.specs -mfpu=fpv4-sp-d16 -mfloat-abi=hard -mthumb -Wl,--start-group -lc -lm -Wl,--end-group
C:/ST/STM32CubeIDE_1.15.1/STM32CubeIDE/plugins/com.st.stm32cube.ide.mcu.externaltools.gnu-tools-for-stm32.12.3.rel1.win32_1.0.200.202406191623/tools/bin/../lib/gcc/arm-none-eabi/12.3.1/../../../../arm-none-eabi/bin/ld.exe: warning: stm32f4xx2_drivers.elf has a LOAD segment with RWX permissions
Finished building target: stm32f4xx2_drivers.elf
 
arm-none-eabi-size  stm32f4xx2_drivers.elf 
arm-none-eabi-objdump -h -S stm32f4xx2_drivers.elf  > "stm32f4xx2_drivers.list"
   text	   data	    bss	    dec	    hex	filename
  10744	    132	   2140	  13016	   32d8	stm32f4xx2_drivers.elf
Finished building: default.size.stdout
 
Finished building: stm32f4xx2_drivers.list
 
01:17:27 **** Incremental Build of configuration Debug for project stm32f4xx2_drivers ****
make -j16 all 
arm-none-eabi-gcc "../src/017rtc_lcd.c" -mcpu=cortex-m4 -std=gnu11 -g3 -DDEBUG -DSTM32 -DSTM32F407G_DISC1 -DSTM32F4 -DSTM32F407VGTx -c -I"E:/Embeded-C/Instructor/tt/stm32f4xx2_drivers/bsp" -I"E:/Embeded-C/Instructor/tt/stm32f4xx2_drivers/drivers/inc" -O0 -ffunction-sections -fdata-sections -Wall -fstack-usage -fcyclomatic-complexity -MMD -MP -MF"src/017rtc_lcd.d" -MT"src/017rtc_lcd.o" --specs=nano.specs -mfpu=fpv4-sp-d16 -mfloat-abi=hard -mthumb -o "src/017rtc_lcd.o"
arm-none-eabi-gcc "../drivers/src/stm32f407xx_gpio_driver.c" -mcpu=cortex-m4 -std=gnu11 -g3 -DDEBUG -DSTM32 -DSTM32F407G_DISC1 -DSTM32F4 -DSTM32F407VGTx -c -I"E:/Embeded-C/Instructor/tt/stm32f4xx2_drivers/bsp" -I"E:/Embeded-C/Instructor/tt/stm32f4xx2_drivers/drivers/inc" -O0 -ffunction-sections -fdata-sections -Wall -fstack-usage -fcyclomatic-complexity -MMD -MP -MF"drivers/src/stm32f407xx_gpio_driver.d" -MT"drivers/src/stm32f407xx_gpio_driver.o" --specs=nano.specs -mfpu=fpv4-sp-d16 -mfloat-abi=hard -mthumb -o "drivers/src/stm32f407xx_gpio_driver.o"
arm-none-eabi-gcc "../drivers/src/stm32f407xx_i2c_driver.c" -mcpu=cortex-m4 -std=gnu11 -g3 -DDEBUG -DSTM32 -DSTM32F407G_DISC1 -DSTM32F4 -DSTM32F407VGTx -c -I"E:/Embeded-C/Instructor/tt/stm32f4xx2_drivers/bsp" -I"E:/Embeded-C/Instructor/tt/stm32f4xx2_drivers/drivers/inc" -O0 -ffunction-sections -fdata-sections -Wall -fstack-usage -fcyclomatic-complexity -MMD -MP -MF"drivers/src/stm32f407xx_i2c_driver.d" -MT"drivers/src/stm32f407xx_i2c_driver.o" --specs=nano.specs -mfpu=fpv4-sp-d16 -mfloat-abi=hard -mthumb -o "drivers/src/stm32f407xx_i2c_driver.o"
arm-none-eabi-gcc "../drivers/src/stm32f407xx_rcc_driver.c" -mcpu=cortex-m4 -std=gnu11 -g3 -DDEBUG -DSTM32 -DSTM32F407G_DISC1 -DSTM32F4 -DSTM32F407VGTx -c -I"E:/Embeded-C/Instructor/tt/stm32f4xx2_drivers/bsp" -I"E:/Embeded-C/Instructor/tt/stm32f4xx2_drivers/drivers/inc" -O0 -ffunction-sections -fdata-sections -Wall -fstack-usage -fcyclomatic-complexity -MMD -MP -MF"drivers/src/stm32f407xx_rcc_driver.d" -MT"drivers/src/stm32f407xx_rcc_driver.o" --specs=nano.specs -mfpu=fpv4-sp-d16 -mfloat-abi=hard -mthumb -o "drivers/src/stm32f407xx_rcc_driver.o"
arm-none-eabi-gcc "../drivers/src/stm32f407xx_spi_driver.c" -mcpu=cortex-m4 -std=gnu11 -g3 -DDEBUG -DSTM32 -DSTM32F407G_DISC1 -DSTM32F4 -DSTM32F407VGTx -c -I"E:/Embeded-C/Instructor/tt/stm32f4xx2_drivers/bsp" -I"E:/Embeded-C/Instructor/tt/stm32f4xx2_drivers/drivers/inc" -O0 -ffunction-sections -fdata-sections -Wall -fstack-usage -fcyclomatic-complexity -MMD -MP -MF"drivers/src/stm32f407xx_spi_driver.d" -MT"drivers/src/stm32f407xx_spi_driver.o" --specs=nano.specs -mfpu=fpv4-sp-d16 -mfloat-abi=hard -mthumb -o "drivers/src/stm32f407xx_spi_driver.o"
arm-none-eabi-gcc "../drivers/src/stm32f407xx_usart_driver.c" -mcpu=cortex-m4 -std=gnu11 -g3 -DDEBUG -DSTM32 -DSTM32F407G_DISC1 -DSTM32F4 -DSTM32F407VGTx -c -I"E:/Embeded-C/Instructor/tt/stm32f4xx2_drivers/bsp" -I"E:/Embeded-C/Instructor/tt/stm32f4xx2_drivers/drivers/inc" -O0 -ffunction-sections -fdata-sections -Wall -fstack-usage -fcyclomatic-complexity -MMD -MP -MF"drivers/src/stm32f407xx_usart_driver.d" -MT"drivers/src/stm32f407xx_usart_driver.o" --specs=nano.specs -mfpu=fpv4-sp-d16 -mfloat-abi=hard -mthumb -o "drivers/src/stm32f407xx_usart_driver.o"
arm-none-eabi-gcc "../bsp/ds1307.c" -mcpu=cortex-m4 -std=gnu11 -g3 -DDEBUG -DSTM32 -DSTM32F407G_DISC1 -DSTM32F4 -DSTM32F407VGTx -c -I"E:/Embeded-C/Instructor/tt/stm32f4xx2_drivers/bsp" -I"E:/Embeded-C/Instructor/tt/stm32f4xx2_drivers/drivers/inc" -O0 -ffunction-sections -fdata-sections -Wall -fstack-usage -fcyclomatic-complexity -MMD -MP -MF"bsp/ds1307.d" -MT"bsp/ds1307.o" --specs=nano.specs -mfpu=fpv4-sp-d16 -mfloat-abi=hard -mthumb -o "bsp/ds1307.o"
../drivers/src/stm32f407xx_usart_driver.c: In function 'USART_IRQHandling':
../drivers/src/stm32f407xx_usart_driver.c:444:33: warning: variable 'temp3' set but not used [-Wunused-but-set-variable]
  444 |         uint32_t temp1 , temp2, temp3;
      |                                 ^~~~~
arm-none-eabi-gcc -o "stm32f4xx2_drivers.elf" @"objects.list"   -mcpu=cortex-m4 -T"E:\Embeded-C\Instructor\tt\stm32f4xx2_drivers\STM32F407VGTX_FLASH.ld" --specs=nosys.specs -Wl,-Map="stm32f4xx2_drivers.map" -Wl,--gc-sections -static -specs=rdimon.specs -lc -lrdimon --specs=nano.specs -mfpu=fpv4-sp-d16 -mfloat-abi=hard -mthumb -Wl,--start-group -lc -lm -Wl,--end-group
C:/ST/STM32CubeIDE_1.15.1/STM32CubeIDE/plugins/com.st.stm32cube.ide.mcu.externaltools.gnu-tools-for-stm32.12.3.rel1.win32_1.0.200.202406191623/tools/bin/../lib/gcc/arm-none-eabi/12.3.1/../../../../arm-none-eabi/bin/ld.exe: warning: stm32f4xx2_drivers.elf has a LOAD segment with RWX permissions
Finished building target: stm32f4xx2_drivers.elf
 
arm-none-eabi-size  stm32f4xx2_drivers.elf 
arm-none-eabi-objdump -h -S stm32f4xx2_drivers.elf  > "stm32f4xx2_drivers.list"
   text	   data	    bss	    dec	    hex	filename
  10744	    132	   2140	  13016	   32d8	stm32f4xx2_drivers.elf
Finished building: default.size.stdout
 
Finished building: stm32f4xx2_drivers.list
 
02:08:00 **** Incremental Build of configuration Debug for project stm32f4xx2_drivers ****
make -j16 all 
arm-none-eabi-gcc "../bsp/lcd.c" -mcpu=cortex-m4 -std=gnu11 -g3 -DDEBUG -DSTM32 -DSTM32F407G_DISC1 -DSTM32F4 -DSTM32F407VGTx -c -I"E:/Embeded-C/Instructor/tt/stm32f4xx2_drivers/bsp" -I"E:/Embeded-C/Instructor/tt/stm32f4xx2_drivers/drivers/inc" -O0 -ffunction-sections -fdata-sections -Wall -fstack-usage -fcyclomatic-complexity -MMD -MP -MF"bsp/lcd.d" -MT"bsp/lcd.o" --specs=nano.specs -mfpu=fpv4-sp-d16 -mfloat-abi=hard -mthumb -o "bsp/lcd.o"
../bsp/lcd.c: In function 'lcd_init':
../bsp/lcd.c:89:9: warning: implicit declaration of function 'mdelay' [-Wimplicit-function-declaration]
   89 |         mdelay(40);
      |         ^~~~~~
../bsp/lcd.c:106:9: warning: implicit declaration of function 'udelay' [-Wimplicit-function-declaration]
  106 |         udelay(150);
      |         ^~~~~~
arm-none-eabi-gcc -o "stm32f4xx2_drivers.elf" @"objects.list"   -mcpu=cortex-m4 -T"E:\Embeded-C\Instructor\tt\stm32f4xx2_drivers\STM32F407VGTX_FLASH.ld" --specs=nosys.specs -Wl,-Map="stm32f4xx2_drivers.map" -Wl,--gc-sections -static -specs=rdimon.specs -lc -lrdimon --specs=nano.specs -mfpu=fpv4-sp-d16 -mfloat-abi=hard -mthumb -Wl,--start-group -lc -lm -Wl,--end-group
C:/ST/STM32CubeIDE_1.15.1/STM32CubeIDE/plugins/com.st.stm32cube.ide.mcu.externaltools.gnu-tools-for-stm32.12.3.rel1.win32_1.0.200.202406191623/tools/bin/../lib/gcc/arm-none-eabi/12.3.1/../../../../arm-none-eabi/bin/ld.exe: warning: stm32f4xx2_drivers.elf has a LOAD segment with RWX permissions
Finished building target: stm32f4xx2_drivers.elf
 
arm-none-eabi-size  stm32f4xx2_drivers.elf 
arm-none-eabi-objdump -h -S stm32f4xx2_drivers.elf  > "stm32f4xx2_drivers.list"
   text	   data	    bss	    dec	    hex	filename
  10744	    132	   2140	  13016	   32d8	stm32f4xx2_drivers.elf
Finished building: default.size.stdout
 
Finished building: stm32f4xx2_drivers.list
 
02:11:18 **** Incremental Build of configuration Debug for project stm32f4xx2_drivers ****
make -j16 all 
arm-none-eabi-gcc "../bsp/lcd.c" -mcpu=cortex-m4 -std=gnu11 -g3 -DDEBUG -DSTM32 -DSTM32F407G_DISC1 -DSTM32F4 -DSTM32F407VGTx -c -I"E:/Embeded-C/Instructor/tt/stm32f4xx2_drivers/bsp" -I"E:/Embeded-C/Instructor/tt/stm32f4xx2_drivers/drivers/inc" -O0 -ffunction-sections -fdata-sections -Wall -fstack-usage -fcyclomatic-complexity -MMD -MP -MF"bsp/lcd.d" -MT"bsp/lcd.o" --specs=nano.specs -mfpu=fpv4-sp-d16 -mfloat-abi=hard -mthumb -o "bsp/lcd.o"
arm-none-eabi-gcc -o "stm32f4xx2_drivers.elf" @"objects.list"   -mcpu=cortex-m4 -T"E:\Embeded-C\Instructor\tt\stm32f4xx2_drivers\STM32F407VGTX_FLASH.ld" --specs=nosys.specs -Wl,-Map="stm32f4xx2_drivers.map" -Wl,--gc-sections -static -specs=rdimon.specs -lc -lrdimon --specs=nano.specs -mfpu=fpv4-sp-d16 -mfloat-abi=hard -mthumb -Wl,--start-group -lc -lm -Wl,--end-group
C:/ST/STM32CubeIDE_1.15.1/STM32CubeIDE/plugins/com.st.stm32cube.ide.mcu.externaltools.gnu-tools-for-stm32.12.3.rel1.win32_1.0.200.202406191623/tools/bin/../lib/gcc/arm-none-eabi/12.3.1/../../../../arm-none-eabi/bin/ld.exe: warning: stm32f4xx2_drivers.elf has a LOAD segment with RWX permissions
Finished building target: stm32f4xx2_drivers.elf
 
arm-none-eabi-size  stm32f4xx2_drivers.elf 
arm-none-eabi-objdump -h -S stm32f4xx2_drivers.elf  > "stm32f4xx2_drivers.list"
   text	   data	    bss	    dec	    hex	filename
  10744	    132	   2140	  13016	   32d8	stm32f4xx2_drivers.elf
Finished building: default.size.stdout
 
Finished building: stm32f4xx2_drivers.list
 
02:12:05 **** Incremental Build of configuration Debug for project stm32f4xx2_drivers ****
make -j16 all 
arm-none-eabi-gcc "../bsp/lcd.c" -mcpu=cortex-m4 -std=gnu11 -g3 -DDEBUG -DSTM32 -DSTM32F407G_DISC1 -DSTM32F4 -DSTM32F407VGTx -c -I"E:/Embeded-C/Instructor/tt/stm32f4xx2_drivers/bsp" -I"E:/Embeded-C/Instructor/tt/stm32f4xx2_drivers/drivers/inc" -O0 -ffunction-sections -fdata-sections -Wall -fstack-usage -fcyclomatic-complexity -MMD -MP -MF"bsp/lcd.d" -MT"bsp/lcd.o" --specs=nano.specs -mfpu=fpv4-sp-d16 -mfloat-abi=hard -mthumb -o "bsp/lcd.o"
arm-none-eabi-gcc -o "stm32f4xx2_drivers.elf" @"objects.list"   -mcpu=cortex-m4 -T"E:\Embeded-C\Instructor\tt\stm32f4xx2_drivers\STM32F407VGTX_FLASH.ld" --specs=nosys.specs -Wl,-Map="stm32f4xx2_drivers.map" -Wl,--gc-sections -static -specs=rdimon.specs -lc -lrdimon --specs=nano.specs -mfpu=fpv4-sp-d16 -mfloat-abi=hard -mthumb -Wl,--start-group -lc -lm -Wl,--end-group
C:/ST/STM32CubeIDE_1.15.1/STM32CubeIDE/plugins/com.st.stm32cube.ide.mcu.externaltools.gnu-tools-for-stm32.12.3.rel1.win32_1.0.200.202406191623/tools/bin/../lib/gcc/arm-none-eabi/12.3.1/../../../../arm-none-eabi/bin/ld.exe: warning: stm32f4xx2_drivers.elf has a LOAD segment with RWX permissions
Finished building target: stm32f4xx2_drivers.elf
 
arm-none-eabi-size  stm32f4xx2_drivers.elf 
arm-none-eabi-objdump -h -S stm32f4xx2_drivers.elf  > "stm32f4xx2_drivers.list"
   text	   data	    bss	    dec	    hex	filename
  10744	    132	   2140	  13016	   32d8	stm32f4xx2_drivers.elf
Finished building: default.size.stdout
 
Finished building: stm32f4xx2_drivers.list
 
02:21:24 **** Incremental Build of configuration Debug for project stm32f4xx2_drivers ****
make -j16 all 
arm-none-eabi-gcc "../bsp/lcd.c" -mcpu=cortex-m4 -std=gnu11 -g3 -DDEBUG -DSTM32 -DSTM32F407G_DISC1 -DSTM32F4 -DSTM32F407VGTx -c -I"E:/Embeded-C/Instructor/tt/stm32f4xx2_drivers/bsp" -I"E:/Embeded-C/Instructor/tt/stm32f4xx2_drivers/drivers/inc" -O0 -ffunction-sections -fdata-sections -Wall -fstack-usage -fcyclomatic-complexity -MMD -MP -MF"bsp/lcd.d" -MT"bsp/lcd.o" --specs=nano.specs -mfpu=fpv4-sp-d16 -mfloat-abi=hard -mthumb -o "bsp/lcd.o"
arm-none-eabi-gcc -o "stm32f4xx2_drivers.elf" @"objects.list"   -mcpu=cortex-m4 -T"E:\Embeded-C\Instructor\tt\stm32f4xx2_drivers\STM32F407VGTX_FLASH.ld" --specs=nosys.specs -Wl,-Map="stm32f4xx2_drivers.map" -Wl,--gc-sections -static -specs=rdimon.specs -lc -lrdimon --specs=nano.specs -mfpu=fpv4-sp-d16 -mfloat-abi=hard -mthumb -Wl,--start-group -lc -lm -Wl,--end-group
C:/ST/STM32CubeIDE_1.15.1/STM32CubeIDE/plugins/com.st.stm32cube.ide.mcu.externaltools.gnu-tools-for-stm32.12.3.rel1.win32_1.0.200.202406191623/tools/bin/../lib/gcc/arm-none-eabi/12.3.1/../../../../arm-none-eabi/bin/ld.exe: warning: stm32f4xx2_drivers.elf has a LOAD segment with RWX permissions
Finished building target: stm32f4xx2_drivers.elf
 
arm-none-eabi-size  stm32f4xx2_drivers.elf 
arm-none-eabi-objdump -h -S stm32f4xx2_drivers.elf  > "stm32f4xx2_drivers.list"
   text	   data	    bss	    dec	    hex	filename
  10744	    132	   2140	  13016	   32d8	stm32f4xx2_drivers.elf
Finished building: default.size.stdout
 
Finished building: stm32f4xx2_drivers.list
 
02:22:58 **** Incremental Build of configuration Debug for project stm32f4xx2_drivers ****
make -j16 all 
arm-none-eabi-gcc "../bsp/lcd.c" -mcpu=cortex-m4 -std=gnu11 -g3 -DDEBUG -DSTM32 -DSTM32F407G_DISC1 -DSTM32F4 -DSTM32F407VGTx -c -I"E:/Embeded-C/Instructor/tt/stm32f4xx2_drivers/bsp" -I"E:/Embeded-C/Instructor/tt/stm32f4xx2_drivers/drivers/inc" -O0 -ffunction-sections -fdata-sections -Wall -fstack-usage -fcyclomatic-complexity -MMD -MP -MF"bsp/lcd.d" -MT"bsp/lcd.o" --specs=nano.specs -mfpu=fpv4-sp-d16 -mfloat-abi=hard -mthumb -o "bsp/lcd.o"
arm-none-eabi-gcc -o "stm32f4xx2_drivers.elf" @"objects.list"   -mcpu=cortex-m4 -T"E:\Embeded-C\Instructor\tt\stm32f4xx2_drivers\STM32F407VGTX_FLASH.ld" --specs=nosys.specs -Wl,-Map="stm32f4xx2_drivers.map" -Wl,--gc-sections -static -specs=rdimon.specs -lc -lrdimon --specs=nano.specs -mfpu=fpv4-sp-d16 -mfloat-abi=hard -mthumb -Wl,--start-group -lc -lm -Wl,--end-group
C:/ST/STM32CubeIDE_1.15.1/STM32CubeIDE/plugins/com.st.stm32cube.ide.mcu.externaltools.gnu-tools-for-stm32.12.3.rel1.win32_1.0.200.202406191623/tools/bin/../lib/gcc/arm-none-eabi/12.3.1/../../../../arm-none-eabi/bin/ld.exe: warning: stm32f4xx2_drivers.elf has a LOAD segment with RWX permissions
Finished building target: stm32f4xx2_drivers.elf
 
arm-none-eabi-size  stm32f4xx2_drivers.elf 
arm-none-eabi-objdump -h -S stm32f4xx2_drivers.elf  > "stm32f4xx2_drivers.list"
   text	   data	    bss	    dec	    hex	filename
  10744	    132	   2140	  13016	   32d8	stm32f4xx2_drivers.elf
Finished building: default.size.stdout
 
Finished building: stm32f4xx2_drivers.list
 
02:24:14 **** Incremental Build of configuration Debug for project stm32f4xx2_drivers ****
make -j16 all 
arm-none-eabi-gcc "../src/017rtc_lcd.c" -mcpu=cortex-m4 -std=gnu11 -g3 -DDEBUG -DSTM32 -DSTM32F407G_DISC1 -DSTM32F4 -DSTM32F407VGTx -c -I"E:/Embeded-C/Instructor/tt/stm32f4xx2_drivers/bsp" -I"E:/Embeded-C/Instructor/tt/stm32f4xx2_drivers/drivers/inc" -O0 -ffunction-sections -fdata-sections -Wall -fstack-usage -fcyclomatic-complexity -MMD -MP -MF"src/017rtc_lcd.d" -MT"src/017rtc_lcd.o" --specs=nano.specs -mfpu=fpv4-sp-d16 -mfloat-abi=hard -mthumb -o "src/017rtc_lcd.o"
arm-none-eabi-gcc -o "stm32f4xx2_drivers.elf" @"objects.list"   -mcpu=cortex-m4 -T"E:\Embeded-C\Instructor\tt\stm32f4xx2_drivers\STM32F407VGTX_FLASH.ld" --specs=nosys.specs -Wl,-Map="stm32f4xx2_drivers.map" -Wl,--gc-sections -static -specs=rdimon.specs -lc -lrdimon --specs=nano.specs -mfpu=fpv4-sp-d16 -mfloat-abi=hard -mthumb -Wl,--start-group -lc -lm -Wl,--end-group
C:/ST/STM32CubeIDE_1.15.1/STM32CubeIDE/plugins/com.st.stm32cube.ide.mcu.externaltools.gnu-tools-for-stm32.12.3.rel1.win32_1.0.200.202406191623/tools/bin/../lib/gcc/arm-none-eabi/12.3.1/../../../../arm-none-eabi/bin/ld.exe: warning: stm32f4xx2_drivers.elf has a LOAD segment with RWX permissions
Finished building target: stm32f4xx2_drivers.elf
 
arm-none-eabi-size  stm32f4xx2_drivers.elf 
arm-none-eabi-objdump -h -S stm32f4xx2_drivers.elf  > "stm32f4xx2_drivers.list"
   text	   data	    bss	    dec	    hex	filename
  11560	    132	   2140	  13832	   3608	stm32f4xx2_drivers.elf
Finished building: default.size.stdout
 
Finished building: stm32f4xx2_drivers.list
 
02:24:23 **** Incremental Build of configuration Debug for project stm32f4xx2_drivers ****
make -j16 all 
arm-none-eabi-size  stm32f4xx2_drivers.elf 
   text	   data	    bss	    dec	    hex	filename
  11560	    132	   2140	  13832	   3608	stm32f4xx2_drivers.elf
Finished building: default.size.stdout
 
10:27:20 **** Incremental Build of configuration Debug for project stm32f4xx2_drivers ****
make -j16 all 
arm-none-eabi-gcc "../src/017rtc_lcd.c" -mcpu=cortex-m4 -std=gnu11 -g3 -DDEBUG -DSTM32 -DSTM32F407G_DISC1 -DSTM32F4 -DSTM32F407VGTx -c -I"E:/Embeded-C/Instructor/tt/stm32f4xx2_drivers/bsp" -I"E:/Embeded-C/Instructor/tt/stm32f4xx2_drivers/drivers/inc" -O0 -ffunction-sections -fdata-sections -Wall -fstack-usage -fcyclomatic-complexity -MMD -MP -MF"src/017rtc_lcd.d" -MT"src/017rtc_lcd.o" --specs=nano.specs -mfpu=fpv4-sp-d16 -mfloat-abi=hard -mthumb -o "src/017rtc_lcd.o"
arm-none-eabi-gcc "../bsp/lcd.c" -mcpu=cortex-m4 -std=gnu11 -g3 -DDEBUG -DSTM32 -DSTM32F407G_DISC1 -DSTM32F4 -DSTM32F407VGTx -c -I"E:/Embeded-C/Instructor/tt/stm32f4xx2_drivers/bsp" -I"E:/Embeded-C/Instructor/tt/stm32f4xx2_drivers/drivers/inc" -O0 -ffunction-sections -fdata-sections -Wall -fstack-usage -fcyclomatic-complexity -MMD -MP -MF"bsp/lcd.d" -MT"bsp/lcd.o" --specs=nano.specs -mfpu=fpv4-sp-d16 -mfloat-abi=hard -mthumb -o "bsp/lcd.o"
arm-none-eabi-gcc -o "stm32f4xx2_drivers.elf" @"objects.list"   -mcpu=cortex-m4 -T"E:\Embeded-C\Instructor\tt\stm32f4xx2_drivers\STM32F407VGTX_FLASH.ld" --specs=nosys.specs -Wl,-Map="stm32f4xx2_drivers.map" -Wl,--gc-sections -static -specs=rdimon.specs -lc -lrdimon --specs=nano.specs -mfpu=fpv4-sp-d16 -mfloat-abi=hard -mthumb -Wl,--start-group -lc -lm -Wl,--end-group
C:/ST/STM32CubeIDE_1.15.1/STM32CubeIDE/plugins/com.st.stm32cube.ide.mcu.externaltools.gnu-tools-for-stm32.12.3.rel1.win32_1.0.200.202406191623/tools/bin/../lib/gcc/arm-none-eabi/12.3.1/../../../../arm-none-eabi/bin/ld.exe: warning: stm32f4xx2_drivers.elf has a LOAD segment with RWX permissions
Finished building target: stm32f4xx2_drivers.elf
 
arm-none-eabi-size  stm32f4xx2_drivers.elf 
arm-none-eabi-objdump -h -S stm32f4xx2_drivers.elf  > "stm32f4xx2_drivers.list"
   text	   data	    bss	    dec	    hex	filename
  11560	    132	   2140	  13832	   3608	stm32f4xx2_drivers.elf
Finished building: default.size.stdout
 
Finished building: stm32f4xx2_drivers.list
 
10:28:03 **** Incremental Build of configuration Debug for project stm32f4xx2_drivers ****
make -j16 all 
arm-none-eabi-size  stm32f4xx2_drivers.elf 
   text	   data	    bss	    dec	    hex	filename
  11560	    132	   2140	  13832	   3608	stm32f4xx2_drivers.elf
Finished building: default.size.stdout
 
10:57:55 **** Incremental Build of configuration Debug for project stm32f4xx2_drivers ****
make -j16 all 
arm-none-eabi-gcc "../src/017rtc_lcd.c" -mcpu=cortex-m4 -std=gnu11 -g3 -DDEBUG -DSTM32 -DSTM32F407G_DISC1 -DSTM32F4 -DSTM32F407VGTx -c -I"E:/Embeded-C/Instructor/tt/stm32f4xx2_drivers/bsp" -I"E:/Embeded-C/Instructor/tt/stm32f4xx2_drivers/drivers/inc" -O0 -ffunction-sections -fdata-sections -Wall -fstack-usage -fcyclomatic-complexity -MMD -MP -MF"src/017rtc_lcd.d" -MT"src/017rtc_lcd.o" --specs=nano.specs -mfpu=fpv4-sp-d16 -mfloat-abi=hard -mthumb -o "src/017rtc_lcd.o"
arm-none-eabi-gcc "../bsp/lcd.c" -mcpu=cortex-m4 -std=gnu11 -g3 -DDEBUG -DSTM32 -DSTM32F407G_DISC1 -DSTM32F4 -DSTM32F407VGTx -c -I"E:/Embeded-C/Instructor/tt/stm32f4xx2_drivers/bsp" -I"E:/Embeded-C/Instructor/tt/stm32f4xx2_drivers/drivers/inc" -O0 -ffunction-sections -fdata-sections -Wall -fstack-usage -fcyclomatic-complexity -MMD -MP -MF"bsp/lcd.d" -MT"bsp/lcd.o" --specs=nano.specs -mfpu=fpv4-sp-d16 -mfloat-abi=hard -mthumb -o "bsp/lcd.o"
arm-none-eabi-gcc -o "stm32f4xx2_drivers.elf" @"objects.list"   -mcpu=cortex-m4 -T"E:\Embeded-C\Instructor\tt\stm32f4xx2_drivers\STM32F407VGTX_FLASH.ld" --specs=nosys.specs -Wl,-Map="stm32f4xx2_drivers.map" -Wl,--gc-sections -static -specs=rdimon.specs -lc -lrdimon --specs=nano.specs -mfpu=fpv4-sp-d16 -mfloat-abi=hard -mthumb -Wl,--start-group -lc -lm -Wl,--end-group
C:/ST/STM32CubeIDE_1.15.1/STM32CubeIDE/plugins/com.st.stm32cube.ide.mcu.externaltools.gnu-tools-for-stm32.12.3.rel1.win32_1.0.200.202406191623/tools/bin/../lib/gcc/arm-none-eabi/12.3.1/../../../../arm-none-eabi/bin/ld.exe: warning: stm32f4xx2_drivers.elf has a LOAD segment with RWX permissions
Finished building target: stm32f4xx2_drivers.elf
 
arm-none-eabi-size  stm32f4xx2_drivers.elf 
arm-none-eabi-objdump -h -S stm32f4xx2_drivers.elf  > "stm32f4xx2_drivers.list"
   text	   data	    bss	    dec	    hex	filename
  11560	    132	   2140	  13832	   3608	stm32f4xx2_drivers.elf
Finished building: default.size.stdout
 
Finished building: stm32f4xx2_drivers.list
 
10:58:16 **** Incremental Build of configuration Debug for project stm32f4xx2_drivers ****
make -j16 all 
arm-none-eabi-size  stm32f4xx2_drivers.elf 
   text	   data	    bss	    dec	    hex	filename
  11560	    132	   2140	  13832	   3608	stm32f4xx2_drivers.elf
Finished building: default.size.stdout
 
11:01:32 **** Incremental Build of configuration Debug for project stm32f4xx2_drivers ****
make -j16 all 
arm-none-eabi-gcc "../src/017rtc_lcd.c" -mcpu=cortex-m4 -std=gnu11 -g3 -DDEBUG -DSTM32 -DSTM32F407G_DISC1 -DSTM32F4 -DSTM32F407VGTx -c -I"E:/Embeded-C/Instructor/tt/stm32f4xx2_drivers/bsp" -I"E:/Embeded-C/Instructor/tt/stm32f4xx2_drivers/drivers/inc" -O0 -ffunction-sections -fdata-sections -Wall -fstack-usage -fcyclomatic-complexity -MMD -MP -MF"src/017rtc_lcd.d" -MT"src/017rtc_lcd.o" --specs=nano.specs -mfpu=fpv4-sp-d16 -mfloat-abi=hard -mthumb -o "src/017rtc_lcd.o"
arm-none-eabi-gcc "../bsp/lcd.c" -mcpu=cortex-m4 -std=gnu11 -g3 -DDEBUG -DSTM32 -DSTM32F407G_DISC1 -DSTM32F4 -DSTM32F407VGTx -c -I"E:/Embeded-C/Instructor/tt/stm32f4xx2_drivers/bsp" -I"E:/Embeded-C/Instructor/tt/stm32f4xx2_drivers/drivers/inc" -O0 -ffunction-sections -fdata-sections -Wall -fstack-usage -fcyclomatic-complexity -MMD -MP -MF"bsp/lcd.d" -MT"bsp/lcd.o" --specs=nano.specs -mfpu=fpv4-sp-d16 -mfloat-abi=hard -mthumb -o "bsp/lcd.o"
arm-none-eabi-gcc -o "stm32f4xx2_drivers.elf" @"objects.list"   -mcpu=cortex-m4 -T"E:\Embeded-C\Instructor\tt\stm32f4xx2_drivers\STM32F407VGTX_FLASH.ld" --specs=nosys.specs -Wl,-Map="stm32f4xx2_drivers.map" -Wl,--gc-sections -static -specs=rdimon.specs -lc -lrdimon --specs=nano.specs -mfpu=fpv4-sp-d16 -mfloat-abi=hard -mthumb -Wl,--start-group -lc -lm -Wl,--end-group
C:/ST/STM32CubeIDE_1.15.1/STM32CubeIDE/plugins/com.st.stm32cube.ide.mcu.externaltools.gnu-tools-for-stm32.12.3.rel1.win32_1.0.200.202406191623/tools/bin/../lib/gcc/arm-none-eabi/12.3.1/../../../../arm-none-eabi/bin/ld.exe: warning: stm32f4xx2_drivers.elf has a LOAD segment with RWX permissions
Finished building target: stm32f4xx2_drivers.elf
 
arm-none-eabi-size  stm32f4xx2_drivers.elf 
arm-none-eabi-objdump -h -S stm32f4xx2_drivers.elf  > "stm32f4xx2_drivers.list"
   text	   data	    bss	    dec	    hex	filename
  11560	    132	   2140	  13832	   3608	stm32f4xx2_drivers.elf
Finished building: default.size.stdout
 
Finished building: stm32f4xx2_drivers.list
 
11:01:42 **** Incremental Build of configuration Debug for project stm32f4xx2_drivers ****
make -j16 all 
arm-none-eabi-size  stm32f4xx2_drivers.elf 
   text	   data	    bss	    dec	    hex	filename
  11560	    132	   2140	  13832	   3608	stm32f4xx2_drivers.elf
Finished building: default.size.stdout
 
11:03:10 **** Incremental Build of configuration Debug for project stm32f4xx2_drivers ****
make -j16 all 
arm-none-eabi-size  stm32f4xx2_drivers.elf 
   text	   data	    bss	    dec	    hex	filename
  11560	    132	   2140	  13832	   3608	stm32f4xx2_drivers.elf
Finished building: default.size.stdout
 
11:05:08 **** Incremental Build of configuration Debug for project stm32f4xx2_drivers ****
make -j16 all 
arm-none-eabi-gcc "../src/017rtc_lcd.c" -mcpu=cortex-m4 -std=gnu11 -g3 -DDEBUG -DSTM32 -DSTM32F407G_DISC1 -DSTM32F4 -DSTM32F407VGTx -c -I"E:/Embeded-C/Instructor/tt/stm32f4xx2_drivers/bsp" -I"E:/Embeded-C/Instructor/tt/stm32f4xx2_drivers/drivers/inc" -O0 -ffunction-sections -fdata-sections -Wall -fstack-usage -fcyclomatic-complexity -MMD -MP -MF"src/017rtc_lcd.d" -MT"src/017rtc_lcd.o" --specs=nano.specs -mfpu=fpv4-sp-d16 -mfloat-abi=hard -mthumb -o "src/017rtc_lcd.o"
arm-none-eabi-gcc "../bsp/lcd.c" -mcpu=cortex-m4 -std=gnu11 -g3 -DDEBUG -DSTM32 -DSTM32F407G_DISC1 -DSTM32F4 -DSTM32F407VGTx -c -I"E:/Embeded-C/Instructor/tt/stm32f4xx2_drivers/bsp" -I"E:/Embeded-C/Instructor/tt/stm32f4xx2_drivers/drivers/inc" -O0 -ffunction-sections -fdata-sections -Wall -fstack-usage -fcyclomatic-complexity -MMD -MP -MF"bsp/lcd.d" -MT"bsp/lcd.o" --specs=nano.specs -mfpu=fpv4-sp-d16 -mfloat-abi=hard -mthumb -o "bsp/lcd.o"
arm-none-eabi-gcc -o "stm32f4xx2_drivers.elf" @"objects.list"   -mcpu=cortex-m4 -T"E:\Embeded-C\Instructor\tt\stm32f4xx2_drivers\STM32F407VGTX_FLASH.ld" --specs=nosys.specs -Wl,-Map="stm32f4xx2_drivers.map" -Wl,--gc-sections -static -specs=rdimon.specs -lc -lrdimon --specs=nano.specs -mfpu=fpv4-sp-d16 -mfloat-abi=hard -mthumb -Wl,--start-group -lc -lm -Wl,--end-group
C:/ST/STM32CubeIDE_1.15.1/STM32CubeIDE/plugins/com.st.stm32cube.ide.mcu.externaltools.gnu-tools-for-stm32.12.3.rel1.win32_1.0.200.202406191623/tools/bin/../lib/gcc/arm-none-eabi/12.3.1/../../../../arm-none-eabi/bin/ld.exe: warning: stm32f4xx2_drivers.elf has a LOAD segment with RWX permissions
Finished building target: stm32f4xx2_drivers.elf
 
arm-none-eabi-size  stm32f4xx2_drivers.elf 
arm-none-eabi-objdump -h -S stm32f4xx2_drivers.elf  > "stm32f4xx2_drivers.list"
   text	   data	    bss	    dec	    hex	filename
  11560	    132	   2140	  13832	   3608	stm32f4xx2_drivers.elf
Finished building: default.size.stdout
 
Finished building: stm32f4xx2_drivers.list
 
11:05:12 **** Incremental Build of configuration Debug for project stm32f4xx2_drivers ****
make -j16 all 
arm-none-eabi-size  stm32f4xx2_drivers.elf 
   text	   data	    bss	    dec	    hex	filename
  11560	    132	   2140	  13832	   3608	stm32f4xx2_drivers.elf
Finished building: default.size.stdout
 
11:06:09 **** Incremental Build of configuration Debug for project stm32f4xx2_drivers ****
make -j16 all 
arm-none-eabi-size  stm32f4xx2_drivers.elf 
   text	   data	    bss	    dec	    hex	filename
  11560	    132	   2140	  13832	   3608	stm32f4xx2_drivers.elf
Finished building: default.size.stdout
 
11:26:08 **** Incremental Build of configuration Debug for project stm32f4xx2_drivers ****
make -j16 all 
arm-none-eabi-gcc "../src/017rtc_lcd.c" -mcpu=cortex-m4 -std=gnu11 -g3 -DDEBUG -DSTM32 -DSTM32F407G_DISC1 -DSTM32F4 -DSTM32F407VGTx -c -I"E:/Embeded-C/Instructor/tt/stm32f4xx2_drivers/bsp" -I"E:/Embeded-C/Instructor/tt/stm32f4xx2_drivers/drivers/inc" -O0 -ffunction-sections -fdata-sections -Wall -fstack-usage -fcyclomatic-complexity -MMD -MP -MF"src/017rtc_lcd.d" -MT"src/017rtc_lcd.o" --specs=nano.specs -mfpu=fpv4-sp-d16 -mfloat-abi=hard -mthumb -o "src/017rtc_lcd.o"
arm-none-eabi-gcc "../drivers/src/stm32f407xx_gpio_driver.c" -mcpu=cortex-m4 -std=gnu11 -g3 -DDEBUG -DSTM32 -DSTM32F407G_DISC1 -DSTM32F4 -DSTM32F407VGTx -c -I"E:/Embeded-C/Instructor/tt/stm32f4xx2_drivers/bsp" -I"E:/Embeded-C/Instructor/tt/stm32f4xx2_drivers/drivers/inc" -O0 -ffunction-sections -fdata-sections -Wall -fstack-usage -fcyclomatic-complexity -MMD -MP -MF"drivers/src/stm32f407xx_gpio_driver.d" -MT"drivers/src/stm32f407xx_gpio_driver.o" --specs=nano.specs -mfpu=fpv4-sp-d16 -mfloat-abi=hard -mthumb -o "drivers/src/stm32f407xx_gpio_driver.o"
arm-none-eabi-gcc "../drivers/src/stm32f407xx_i2c_driver.c" -mcpu=cortex-m4 -std=gnu11 -g3 -DDEBUG -DSTM32 -DSTM32F407G_DISC1 -DSTM32F4 -DSTM32F407VGTx -c -I"E:/Embeded-C/Instructor/tt/stm32f4xx2_drivers/bsp" -I"E:/Embeded-C/Instructor/tt/stm32f4xx2_drivers/drivers/inc" -O0 -ffunction-sections -fdata-sections -Wall -fstack-usage -fcyclomatic-complexity -MMD -MP -MF"drivers/src/stm32f407xx_i2c_driver.d" -MT"drivers/src/stm32f407xx_i2c_driver.o" --specs=nano.specs -mfpu=fpv4-sp-d16 -mfloat-abi=hard -mthumb -o "drivers/src/stm32f407xx_i2c_driver.o"
arm-none-eabi-gcc "../drivers/src/stm32f407xx_rcc_driver.c" -mcpu=cortex-m4 -std=gnu11 -g3 -DDEBUG -DSTM32 -DSTM32F407G_DISC1 -DSTM32F4 -DSTM32F407VGTx -c -I"E:/Embeded-C/Instructor/tt/stm32f4xx2_drivers/bsp" -I"E:/Embeded-C/Instructor/tt/stm32f4xx2_drivers/drivers/inc" -O0 -ffunction-sections -fdata-sections -Wall -fstack-usage -fcyclomatic-complexity -MMD -MP -MF"drivers/src/stm32f407xx_rcc_driver.d" -MT"drivers/src/stm32f407xx_rcc_driver.o" --specs=nano.specs -mfpu=fpv4-sp-d16 -mfloat-abi=hard -mthumb -o "drivers/src/stm32f407xx_rcc_driver.o"
arm-none-eabi-gcc "../drivers/src/stm32f407xx_spi_driver.c" -mcpu=cortex-m4 -std=gnu11 -g3 -DDEBUG -DSTM32 -DSTM32F407G_DISC1 -DSTM32F4 -DSTM32F407VGTx -c -I"E:/Embeded-C/Instructor/tt/stm32f4xx2_drivers/bsp" -I"E:/Embeded-C/Instructor/tt/stm32f4xx2_drivers/drivers/inc" -O0 -ffunction-sections -fdata-sections -Wall -fstack-usage -fcyclomatic-complexity -MMD -MP -MF"drivers/src/stm32f407xx_spi_driver.d" -MT"drivers/src/stm32f407xx_spi_driver.o" --specs=nano.specs -mfpu=fpv4-sp-d16 -mfloat-abi=hard -mthumb -o "drivers/src/stm32f407xx_spi_driver.o"
arm-none-eabi-gcc "../drivers/src/stm32f407xx_usart_driver.c" -mcpu=cortex-m4 -std=gnu11 -g3 -DDEBUG -DSTM32 -DSTM32F407G_DISC1 -DSTM32F4 -DSTM32F407VGTx -c -I"E:/Embeded-C/Instructor/tt/stm32f4xx2_drivers/bsp" -I"E:/Embeded-C/Instructor/tt/stm32f4xx2_drivers/drivers/inc" -O0 -ffunction-sections -fdata-sections -Wall -fstack-usage -fcyclomatic-complexity -MMD -MP -MF"drivers/src/stm32f407xx_usart_driver.d" -MT"drivers/src/stm32f407xx_usart_driver.o" --specs=nano.specs -mfpu=fpv4-sp-d16 -mfloat-abi=hard -mthumb -o "drivers/src/stm32f407xx_usart_driver.o"
arm-none-eabi-gcc "../bsp/ds1307.c" -mcpu=cortex-m4 -std=gnu11 -g3 -DDEBUG -DSTM32 -DSTM32F407G_DISC1 -DSTM32F4 -DSTM32F407VGTx -c -I"E:/Embeded-C/Instructor/tt/stm32f4xx2_drivers/bsp" -I"E:/Embeded-C/Instructor/tt/stm32f4xx2_drivers/drivers/inc" -O0 -ffunction-sections -fdata-sections -Wall -fstack-usage -fcyclomatic-complexity -MMD -MP -MF"bsp/ds1307.d" -MT"bsp/ds1307.o" --specs=nano.specs -mfpu=fpv4-sp-d16 -mfloat-abi=hard -mthumb -o "bsp/ds1307.o"
arm-none-eabi-gcc "../bsp/lcd.c" -mcpu=cortex-m4 -std=gnu11 -g3 -DDEBUG -DSTM32 -DSTM32F407G_DISC1 -DSTM32F4 -DSTM32F407VGTx -c -I"E:/Embeded-C/Instructor/tt/stm32f4xx2_drivers/bsp" -I"E:/Embeded-C/Instructor/tt/stm32f4xx2_drivers/drivers/inc" -O0 -ffunction-sections -fdata-sections -Wall -fstack-usage -fcyclomatic-complexity -MMD -MP -MF"bsp/lcd.d" -MT"bsp/lcd.o" --specs=nano.specs -mfpu=fpv4-sp-d16 -mfloat-abi=hard -mthumb -o "bsp/lcd.o"
../src/017rtc_lcd.c: In function 'main':
../src/017rtc_lcd.c:168:9: warning: implicit declaration of function 'lcd_set_cursor' [-Wimplicit-function-declaration]
  168 |         lcd_set_cursor(2, 1);
      |         ^~~~~~~~~~~~~~
../drivers/src/stm32f407xx_usart_driver.c: In function 'USART_IRQHandling':
../drivers/src/stm32f407xx_usart_driver.c:444:33: warning: variable 'temp3' set but not used [-Wunused-but-set-variable]
  444 |         uint32_t temp1 , temp2, temp3;
      |                                 ^~~~~
arm-none-eabi-gcc -o "stm32f4xx2_drivers.elf" @"objects.list"   -mcpu=cortex-m4 -T"E:\Embeded-C\Instructor\tt\stm32f4xx2_drivers\STM32F407VGTX_FLASH.ld" --specs=nosys.specs -Wl,-Map="stm32f4xx2_drivers.map" -Wl,--gc-sections -static -specs=rdimon.specs -lc -lrdimon --specs=nano.specs -mfpu=fpv4-sp-d16 -mfloat-abi=hard -mthumb -Wl,--start-group -lc -lm -Wl,--end-group
C:/ST/STM32CubeIDE_1.15.1/STM32CubeIDE/plugins/com.st.stm32cube.ide.mcu.externaltools.gnu-tools-for-stm32.12.3.rel1.win32_1.0.200.202406191623/tools/bin/../lib/gcc/arm-none-eabi/12.3.1/../../../../arm-none-eabi/bin/ld.exe: warning: stm32f4xx2_drivers.elf has a LOAD segment with RWX permissions
Finished building target: stm32f4xx2_drivers.elf
 
arm-none-eabi-size  stm32f4xx2_drivers.elf 
arm-none-eabi-objdump -h -S stm32f4xx2_drivers.elf  > "stm32f4xx2_drivers.list"
   text	   data	    bss	    dec	    hex	filename
  11696	    132	   2140	  13968	   3690	stm32f4xx2_drivers.elf
Finished building: default.size.stdout
 
Finished building: stm32f4xx2_drivers.list
 
11:26:33 **** Incremental Build of configuration Debug for project stm32f4xx2_drivers ****
make -j16 all 
arm-none-eabi-gcc "../src/017rtc_lcd.c" -mcpu=cortex-m4 -std=gnu11 -g3 -DDEBUG -DSTM32 -DSTM32F407G_DISC1 -DSTM32F4 -DSTM32F407VGTx -c -I"E:/Embeded-C/Instructor/tt/stm32f4xx2_drivers/bsp" -I"E:/Embeded-C/Instructor/tt/stm32f4xx2_drivers/drivers/inc" -O0 -ffunction-sections -fdata-sections -Wall -fstack-usage -fcyclomatic-complexity -MMD -MP -MF"src/017rtc_lcd.d" -MT"src/017rtc_lcd.o" --specs=nano.specs -mfpu=fpv4-sp-d16 -mfloat-abi=hard -mthumb -o "src/017rtc_lcd.o"
arm-none-eabi-gcc "../bsp/lcd.c" -mcpu=cortex-m4 -std=gnu11 -g3 -DDEBUG -DSTM32 -DSTM32F407G_DISC1 -DSTM32F4 -DSTM32F407VGTx -c -I"E:/Embeded-C/Instructor/tt/stm32f4xx2_drivers/bsp" -I"E:/Embeded-C/Instructor/tt/stm32f4xx2_drivers/drivers/inc" -O0 -ffunction-sections -fdata-sections -Wall -fstack-usage -fcyclomatic-complexity -MMD -MP -MF"bsp/lcd.d" -MT"bsp/lcd.o" --specs=nano.specs -mfpu=fpv4-sp-d16 -mfloat-abi=hard -mthumb -o "bsp/lcd.o"
arm-none-eabi-gcc -o "stm32f4xx2_drivers.elf" @"objects.list"   -mcpu=cortex-m4 -T"E:\Embeded-C\Instructor\tt\stm32f4xx2_drivers\STM32F407VGTX_FLASH.ld" --specs=nosys.specs -Wl,-Map="stm32f4xx2_drivers.map" -Wl,--gc-sections -static -specs=rdimon.specs -lc -lrdimon --specs=nano.specs -mfpu=fpv4-sp-d16 -mfloat-abi=hard -mthumb -Wl,--start-group -lc -lm -Wl,--end-group
C:/ST/STM32CubeIDE_1.15.1/STM32CubeIDE/plugins/com.st.stm32cube.ide.mcu.externaltools.gnu-tools-for-stm32.12.3.rel1.win32_1.0.200.202406191623/tools/bin/../lib/gcc/arm-none-eabi/12.3.1/../../../../arm-none-eabi/bin/ld.exe: warning: stm32f4xx2_drivers.elf has a LOAD segment with RWX permissions
Finished building target: stm32f4xx2_drivers.elf
 
arm-none-eabi-size  stm32f4xx2_drivers.elf 
arm-none-eabi-objdump -h -S stm32f4xx2_drivers.elf  > "stm32f4xx2_drivers.list"
   text	   data	    bss	    dec	    hex	filename
  11696	    132	   2140	  13968	   3690	stm32f4xx2_drivers.elf
Finished building: default.size.stdout
 
Finished building: stm32f4xx2_drivers.list
 
11:26:37 **** Incremental Build of configuration Debug for project stm32f4xx2_drivers ****
make -j16 all 
arm-none-eabi-size  stm32f4xx2_drivers.elf 
   text	   data	    bss	    dec	    hex	filename
  11696	    132	   2140	  13968	   3690	stm32f4xx2_drivers.elf
Finished building: default.size.stdout
 
13:10:57 **** Incremental Build of configuration Debug for project stm32f4xx2_drivers ****
make -j16 all 
arm-none-eabi-gcc "../src/017rtc_lcd.c" -mcpu=cortex-m4 -std=gnu11 -g3 -DDEBUG -DSTM32 -DSTM32F407G_DISC1 -DSTM32F4 -DSTM32F407VGTx -c -I"E:/Embeded-C/Instructor/tt/stm32f4xx2_drivers/bsp" -I"E:/Embeded-C/Instructor/tt/stm32f4xx2_drivers/drivers/inc" -O0 -ffunction-sections -fdata-sections -Wall -fstack-usage -fcyclomatic-complexity -MMD -MP -MF"src/017rtc_lcd.d" -MT"src/017rtc_lcd.o" --specs=nano.specs -mfpu=fpv4-sp-d16 -mfloat-abi=hard -mthumb -o "src/017rtc_lcd.o"
arm-none-eabi-gcc "../drivers/src/stm32f407xx_gpio_driver.c" -mcpu=cortex-m4 -std=gnu11 -g3 -DDEBUG -DSTM32 -DSTM32F407G_DISC1 -DSTM32F4 -DSTM32F407VGTx -c -I"E:/Embeded-C/Instructor/tt/stm32f4xx2_drivers/bsp" -I"E:/Embeded-C/Instructor/tt/stm32f4xx2_drivers/drivers/inc" -O0 -ffunction-sections -fdata-sections -Wall -fstack-usage -fcyclomatic-complexity -MMD -MP -MF"drivers/src/stm32f407xx_gpio_driver.d" -MT"drivers/src/stm32f407xx_gpio_driver.o" --specs=nano.specs -mfpu=fpv4-sp-d16 -mfloat-abi=hard -mthumb -o "drivers/src/stm32f407xx_gpio_driver.o"
arm-none-eabi-gcc "../drivers/src/stm32f407xx_i2c_driver.c" -mcpu=cortex-m4 -std=gnu11 -g3 -DDEBUG -DSTM32 -DSTM32F407G_DISC1 -DSTM32F4 -DSTM32F407VGTx -c -I"E:/Embeded-C/Instructor/tt/stm32f4xx2_drivers/bsp" -I"E:/Embeded-C/Instructor/tt/stm32f4xx2_drivers/drivers/inc" -O0 -ffunction-sections -fdata-sections -Wall -fstack-usage -fcyclomatic-complexity -MMD -MP -MF"drivers/src/stm32f407xx_i2c_driver.d" -MT"drivers/src/stm32f407xx_i2c_driver.o" --specs=nano.specs -mfpu=fpv4-sp-d16 -mfloat-abi=hard -mthumb -o "drivers/src/stm32f407xx_i2c_driver.o"
arm-none-eabi-gcc "../drivers/src/stm32f407xx_rcc_driver.c" -mcpu=cortex-m4 -std=gnu11 -g3 -DDEBUG -DSTM32 -DSTM32F407G_DISC1 -DSTM32F4 -DSTM32F407VGTx -c -I"E:/Embeded-C/Instructor/tt/stm32f4xx2_drivers/bsp" -I"E:/Embeded-C/Instructor/tt/stm32f4xx2_drivers/drivers/inc" -O0 -ffunction-sections -fdata-sections -Wall -fstack-usage -fcyclomatic-complexity -MMD -MP -MF"drivers/src/stm32f407xx_rcc_driver.d" -MT"drivers/src/stm32f407xx_rcc_driver.o" --specs=nano.specs -mfpu=fpv4-sp-d16 -mfloat-abi=hard -mthumb -o "drivers/src/stm32f407xx_rcc_driver.o"
arm-none-eabi-gcc "../drivers/src/stm32f407xx_spi_driver.c" -mcpu=cortex-m4 -std=gnu11 -g3 -DDEBUG -DSTM32 -DSTM32F407G_DISC1 -DSTM32F4 -DSTM32F407VGTx -c -I"E:/Embeded-C/Instructor/tt/stm32f4xx2_drivers/bsp" -I"E:/Embeded-C/Instructor/tt/stm32f4xx2_drivers/drivers/inc" -O0 -ffunction-sections -fdata-sections -Wall -fstack-usage -fcyclomatic-complexity -MMD -MP -MF"drivers/src/stm32f407xx_spi_driver.d" -MT"drivers/src/stm32f407xx_spi_driver.o" --specs=nano.specs -mfpu=fpv4-sp-d16 -mfloat-abi=hard -mthumb -o "drivers/src/stm32f407xx_spi_driver.o"
arm-none-eabi-gcc "../drivers/src/stm32f407xx_usart_driver.c" -mcpu=cortex-m4 -std=gnu11 -g3 -DDEBUG -DSTM32 -DSTM32F407G_DISC1 -DSTM32F4 -DSTM32F407VGTx -c -I"E:/Embeded-C/Instructor/tt/stm32f4xx2_drivers/bsp" -I"E:/Embeded-C/Instructor/tt/stm32f4xx2_drivers/drivers/inc" -O0 -ffunction-sections -fdata-sections -Wall -fstack-usage -fcyclomatic-complexity -MMD -MP -MF"drivers/src/stm32f407xx_usart_driver.d" -MT"drivers/src/stm32f407xx_usart_driver.o" --specs=nano.specs -mfpu=fpv4-sp-d16 -mfloat-abi=hard -mthumb -o "drivers/src/stm32f407xx_usart_driver.o"
arm-none-eabi-gcc "../bsp/ds1307.c" -mcpu=cortex-m4 -std=gnu11 -g3 -DDEBUG -DSTM32 -DSTM32F407G_DISC1 -DSTM32F4 -DSTM32F407VGTx -c -I"E:/Embeded-C/Instructor/tt/stm32f4xx2_drivers/bsp" -I"E:/Embeded-C/Instructor/tt/stm32f4xx2_drivers/drivers/inc" -O0 -ffunction-sections -fdata-sections -Wall -fstack-usage -fcyclomatic-complexity -MMD -MP -MF"bsp/ds1307.d" -MT"bsp/ds1307.o" --specs=nano.specs -mfpu=fpv4-sp-d16 -mfloat-abi=hard -mthumb -o "bsp/ds1307.o"
arm-none-eabi-gcc "../bsp/lcd.c" -mcpu=cortex-m4 -std=gnu11 -g3 -DDEBUG -DSTM32 -DSTM32F407G_DISC1 -DSTM32F4 -DSTM32F407VGTx -c -I"E:/Embeded-C/Instructor/tt/stm32f4xx2_drivers/bsp" -I"E:/Embeded-C/Instructor/tt/stm32f4xx2_drivers/drivers/inc" -O0 -ffunction-sections -fdata-sections -Wall -fstack-usage -fcyclomatic-complexity -MMD -MP -MF"bsp/lcd.d" -MT"bsp/lcd.o" --specs=nano.specs -mfpu=fpv4-sp-d16 -mfloat-abi=hard -mthumb -o "bsp/lcd.o"
../drivers/src/stm32f407xx_usart_driver.c: In function 'USART_IRQHandling':
../drivers/src/stm32f407xx_usart_driver.c:444:33: warning: variable 'temp3' set but not used [-Wunused-but-set-variable]
  444 |         uint32_t temp1 , temp2, temp3;
      |                                 ^~~~~
arm-none-eabi-gcc -o "stm32f4xx2_drivers.elf" @"objects.list"   -mcpu=cortex-m4 -T"E:\Embeded-C\Instructor\tt\stm32f4xx2_drivers\STM32F407VGTX_FLASH.ld" --specs=nosys.specs -Wl,-Map="stm32f4xx2_drivers.map" -Wl,--gc-sections -static -specs=rdimon.specs -lc -lrdimon --specs=nano.specs -mfpu=fpv4-sp-d16 -mfloat-abi=hard -mthumb -Wl,--start-group -lc -lm -Wl,--end-group
C:/ST/STM32CubeIDE_1.15.1/STM32CubeIDE/plugins/com.st.stm32cube.ide.mcu.externaltools.gnu-tools-for-stm32.12.3.rel1.win32_1.0.200.202406191623/tools/bin/../lib/gcc/arm-none-eabi/12.3.1/../../../../arm-none-eabi/bin/ld.exe: warning: stm32f4xx2_drivers.elf has a LOAD segment with RWX permissions
Finished building target: stm32f4xx2_drivers.elf
 
arm-none-eabi-size  stm32f4xx2_drivers.elf 
arm-none-eabi-objdump -h -S stm32f4xx2_drivers.elf  > "stm32f4xx2_drivers.list"
   text	   data	    bss	    dec	    hex	filename
  11696	    132	   2140	  13968	   3690	stm32f4xx2_drivers.elf
Finished building: default.size.stdout
 
Finished building: stm32f4xx2_drivers.list
 
